Component: ARM Compiler 5.06 update 3 (build 300) Tool: armlink [4d35c9]

==============================================================================

Section Cross References

    main.o(i.main) refers to bsp.o(i.bsp_Config) for bsp_Config
    main.o(i.main) refers to app_ano.o(i.ano_Init) for ano_Init
    main.o(i.main) refers to app_usblink.o(i.usblink_Init) for usblink_Init
    main.o(i.main) refers to app_uartlink.o(i.uartlink_Init) for uartlink_Init
    main.o(i.main) refers to tasks.o(i.xTaskCreate) for xTaskCreate
    main.o(i.main) refers to tasks.o(i.vTaskStartScheduler) for vTaskStartScheduler
    main.o(i.main) refers to main.o(.data) for startTaskHandle
    main.o(i.main) refers to main.o(i.task_StartTask) for task_StartTask
    main.o(i.task_StartTask) refers to port.o(i.vPortEnterCritical) for vPortEnterCritical
    main.o(i.task_StartTask) refers to bsp_led.o(i.bsp_led_StartFlash) for bsp_led_StartFlash
    main.o(i.task_StartTask) refers to tasks.o(i.xTaskCreate) for xTaskCreate
    main.o(i.task_StartTask) refers to tasks.o(i.vTaskDelete) for vTaskDelete
    main.o(i.task_StartTask) refers to port.o(i.vPortExitCritical) for vPortExitCritical
    main.o(i.task_StartTask) refers to app_led.o(i.task_LEDTask) for task_LEDTask
    main.o(i.task_StartTask) refers to app_usblink.o(i.usblink_TxTask) for usblink_TxTask
    main.o(i.task_StartTask) refers to app_usblink.o(i.usblink_RxTask) for usblink_RxTask
    main.o(i.task_StartTask) refers to main.o(i.test) for test
    main.o(i.task_StartTask) refers to app_uartlink.o(i.uartlink_RxTask) for uartlink_RxTask
    main.o(i.task_StartTask) refers to app_uartlink.o(i.uartlink_TxTask) for uartlink_TxTask
    main.o(i.task_StartTask) refers to app_ano.o(i.ano_PacketRxTask) for ano_PacketRxTask
    main.o(i.task_StartTask) refers to app_sensor.o(i.sensors_Task) for sensors_Task
    main.o(i.task_StartTask) refers to main.o(.data) for startTaskHandle
    main.o(i.test) refers to app_sensor.o(i.sensors_AcquireData) for sensors_AcquireData
    main.o(i.test) refers to app_usblink.o(i.usblink_SendPacket) for usblink_SendPacket
    main.o(i.test) refers to tasks.o(i.vTaskDelay) for vTaskDelay
    system_stm32f4xx.o(i.SystemCoreClockUpdate) refers to system_stm32f4xx.o(.data) for SystemCoreClock
    system_stm32f4xx.o(i.SystemInit) refers to system_stm32f4xx.o(i.SetSysClock) for SetSysClock
    startup_stm32f40_41xxx.o(STACK) refers (Special) to heapauxi.o(.text) for __use_two_region_memory
    startup_stm32f40_41xxx.o(HEAP) refers (Special) to heapauxi.o(.text) for __use_two_region_memory
    startup_stm32f40_41xxx.o(RESET) refers (Special) to heapauxi.o(.text) for __use_two_region_memory
    startup_stm32f40_41xxx.o(RESET) refers to startup_stm32f40_41xxx.o(STACK) for __initial_sp
    startup_stm32f40_41xxx.o(RESET) refers to startup_stm32f40_41xxx.o(.text) for Reset_Handler
    startup_stm32f40_41xxx.o(RESET) refers to stm32f4xx_it.o(i.NMI_Handler) for NMI_Handler
    startup_stm32f40_41xxx.o(RESET) refers to stm32f4xx_it.o(i.HardFault_Handler) for HardFault_Handler
    startup_stm32f40_41xxx.o(RESET) refers to stm32f4xx_it.o(i.MemManage_Handler) for MemManage_Handler
    startup_stm32f40_41xxx.o(RESET) refers to stm32f4xx_it.o(i.BusFault_Handler) for BusFault_Handler
    startup_stm32f40_41xxx.o(RESET) refers to stm32f4xx_it.o(i.UsageFault_Handler) for UsageFault_Handler
    startup_stm32f40_41xxx.o(RESET) refers to port.o(.emb_text) for SVC_Handler
    startup_stm32f40_41xxx.o(RESET) refers to stm32f4xx_it.o(i.DebugMon_Handler) for DebugMon_Handler
    startup_stm32f40_41xxx.o(RESET) refers to bsp_timer.o(i.SysTick_Handler) for SysTick_Handler
    startup_stm32f40_41xxx.o(RESET) refers to app_sensor.o(i.EXTI9_5_IRQHandler) for EXTI9_5_IRQHandler
    startup_stm32f40_41xxx.o(RESET) refers to bsp_uart.o(i.USART1_IRQHandler) for USART1_IRQHandler
    startup_stm32f40_41xxx.o(RESET) refers to usbd_usr.o(i.OTG_FS_IRQHandler) for OTG_FS_IRQHandler
    startup_stm32f40_41xxx.o(RESET) refers to bsp_uart.o(i.DMA2_Stream7_IRQHandler) for DMA2_Stream7_IRQHandler
    startup_stm32f40_41xxx.o(.text) refers (Special) to heapauxi.o(.text) for __use_two_region_memory
    startup_stm32f40_41xxx.o(.text) refers to system_stm32f4xx.o(i.SystemInit) for SystemInit
    startup_stm32f40_41xxx.o(.text) refers to __main.o(!!!main) for __main
    startup_stm32f40_41xxx.o(.text) refers to startup_stm32f40_41xxx.o(HEAP) for Heap_Mem
    startup_stm32f40_41xxx.o(.text) refers to startup_stm32f40_41xxx.o(STACK) for Stack_Mem
    stm32f4xx_gpio.o(i.GPIO_DeInit) refers to stm32f4xx_rcc.o(i.RCC_AHB1PeriphResetCmd) for RCC_AHB1PeriphResetCmd
    stm32f4xx_rcc.o(i.RCC_GetClocksFreq) refers to stm32f4xx_rcc.o(.data) for APBAHBPrescTable
    stm32f4xx_rcc.o(i.RCC_WaitForHSEStartUp) refers to stm32f4xx_rcc.o(i.RCC_GetFlagStatus) for RCC_GetFlagStatus
    stm32f4xx_syscfg.o(i.SYSCFG_DeInit) refers to stm32f4xx_rcc.o(i.RCC_APB2PeriphResetCmd) for RCC_APB2PeriphResetCmd
[...]
    EXTI0_IRQHandler                         0x0800033b   Thumb Code     0  startup_stm32f40_41xxx.o(.text)
    EXTI15_10_IRQHandler                     0x0800033b   Thumb Code     0  startup_stm32f40_41xxx.o(.text)
    EXTI1_IRQHandler                         0x0800033b   Thumb Code     0  startup_stm32f40_41xxx.o(.text)
    EXTI2_IRQHandler                         0x0800033b   Thumb Code     0  startup_stm32f40_41xxx.o(.text)
    EXTI3_IRQHandler                         0x0800033b   Thumb Code     0  startup_stm32f40_41xxx.o(.text)
    EXTI4_IRQHandler                         0x0800033b   Thumb Code     0  startup_stm32f40_41xxx.o(.text)
    FLASH_IRQHandler                         0x0800033b   Thumb Code     0  startup_stm32f40_41xxx.o(.text)
    FPU_IRQHandler                           0x0800033b   Thumb Code     0  startup_stm32f40_41xxx.o(.text)
    FSMC_IRQHandler                          0x0800033b   Thumb Code     0  startup_stm32f40_41xxx.o(.text)
    HASH_RNG_IRQHandler                      0x0800033b   Thumb Code     0  startup_stm32f40_41xxx.o(.text)
    I2C1_ER_IRQHandler                       0x0800033b   Thumb Code     0  startup_stm32f40_41xxx.o(.text)
    I2C1_EV_IRQHandler                       0x0800033b   Thumb Code     0  startup_stm32f40_41xxx.o(.text)
    I2C2_ER_IRQHandler                       0x0800033b   Thumb Code     0  startup_stm32f40_41xxx.o(.text)
    I2C2_EV_IRQHandler                       0x0800033b   Thumb Code     0  startup_stm32f40_41xxx.o(.text)
    I2C3_ER_IRQHandler                       0x0800033b   Thumb Code     0  startup_stm32f40_41xxx.o(.text)
    I2C3_EV_IRQHandler                       0x0800033b   Thumb Code     0  startup_stm32f40_41xxx.o(.text)
    OTG_FS_WKUP_IRQHandler                   0x0800033b   Thumb Code     0  startup_stm32f40_41xxx.o(.text)
    OTG_HS_EP1_IN_IRQHandler                 0x0800033b   Thumb Code     0  startup_stm32f40_41xxx.o(.text)
    OTG_HS_EP1_OUT_IRQHandler                0x0800033b   Thumb Code     0  startup_stm32f40_41xxx.o(.text)
    OTG_HS_IRQHandler                        0x0800033b   Thumb Code     0  startup_stm32f40_41xxx.o(.text)
    OTG_HS_WKUP_IRQHandler                   0x0800033b   Thumb Code     0  startup_stm32f40_41xxx.o(.text)
    PVD_IRQHandler                           0x0800033b   Thumb Code     0  startup_stm32f40_41xxx.o(.text)
    RCC_IRQHandler                           0x0800033b   Thumb Code     0  startup_stm32f40_41xxx.o(.text)
    RTC_Alarm_IRQHandler                     0x0800033b   Thumb Code     0  startup_stm32f40_41xxx.o(.text)
    RTC_WKUP_IRQHandler                      0x0800033b   Thumb Code     0  startup_stm32f40_41xxx.o(.text)
    SDIO_IRQHandler                          0x0800033b   Thumb Code     0  startup_stm32f40_41xxx.o(.text)
    SPI1_IRQHandler                          0x0800033b   Thumb Code     0  startup_stm32f40_41xxx.o(.text)
    SPI2_IRQHandler                          0x0800033b   Thumb Code     0  startup_stm32f40_41xxx.o(.text)
    SPI3_IRQHandler                          0x0800033b   Thumb Code     0  startup_stm32f40_41xxx.o(.text)
    TAMP_STAMP_IRQHandler                    0x0800033b   Thumb Code     0  startup_stm32f40_41xxx.o(.text)
    TIM1_BRK_TIM9_IRQHandler                 0x0800033b   Thumb Code     0  startup_stm32f40_41xxx.o(.text)
    TIM1_CC_IRQHandler                       0x0800033b   Thumb Code     0  startup_stm32f40_41xxx.o(.text)
    TIM1_TRG_COM_TIM11_IRQHandler            0x0800033b   Thumb Code     0  startup_stm32f40_41xxx.o(.text)
    TIM1_UP_TIM10_IRQHandler                 0x0800033b   Thumb Code     0  startup_stm32f40_41xxx.o(.text)
    TIM2_IRQHandler                          0x0800033b   Thumb Code     0  startup_stm32f40_41xxx.o(.text)
    TIM3_IRQHandler                          0x0800033b   Thumb Code     0  startup_stm32f40_41xxx.o(.text)
    TIM4_IRQHandler                          0x0800033b   Thumb Code     0  startup_stm32f40_41xxx.o(.text)
    TIM5_IRQHandler                          0x0800033b   Thumb Code     0  startup_stm32f40_41xxx.o(.text)
    TIM6_DAC_IRQHandler                      0x0800033b   Thumb Code     0  startup_stm32f40_41xxx.o(.text)
    TIM7_IRQHandler                          0x0800033b   Thumb Code     0  startup_stm32f40_41xxx.o(.text)
    TIM8_BRK_TIM12_IRQHandler                0x0800033b   Thumb Code     0  startup_stm32f40_41xxx.o(.text)
    TIM8_CC_IRQHandler                       0x0800033b   Thumb Code     0  startup_stm32f40_41xxx.o(.text)
    TIM8_TRG_COM_TIM14_IRQHandler            0x0800033b   Thumb Code     0  startup_stm32f40_41xxx.o(.text)
    TIM8_UP_TIM13_IRQHandler                 0x0800033b   Thumb Code     0  startup_stm32f40_41xxx.o(.text)
    UART4_IRQHandler                         0x0800033b   Thumb Code     0  startup_stm32f40_41xxx.o(.text)
    UART5_IRQHandler                         0x0800033b   Thumb Code     0  startup_stm32f40_41xxx.o(.text)
    USART2_IRQHandler                        0x0800033b   Thumb Code     0  startup_stm32f40_41xxx.o(.text)
    USART3_IRQHandler                        0x0800033b   Thumb Code     0  startup_stm32f40_41xxx.o(.text)
    USART6_IRQHandler                        0x0800033b   Thumb Code     0  startup_stm32f40_41xxx.o(.text)
    WWDG_IRQHandler                          0x0800033b   Thumb Code     0  startup_stm32f40_41xxx.o(.text)
    __user_initial_stackheap                 0x0800033d   Thumb Code     0  startup_stm32f40_41xxx.o(.text)
    __aeabi_ldivmod                          0x08000361   Thumb Code     0  llsdiv.o(.text)
    _ll_sdiv                                 0x08000361   Thumb Code    72  llsdiv.o(.text)
    __aeabi_memcpy                           0x080003a9   Thumb Code     0  rt_memcpy_v6.o(.text)
    __rt_memcpy                              0x080003a9   Thumb Code   138  rt_memcpy_v6.o(.text)
    _memcpy_lastbytes                        0x0800040f   Thumb Code     0  rt_memcpy_v6.o(.text)
    __aeabi_memcpy4                          0x08000433   Thumb Code     0  rt_memcpy_w.o(.text)
    __aeabi_memcpy8                          0x08000433   Thumb Code     0  rt_memcpy_w.o(.text)
    __rt_memcpy_w                            0x08000433   Thumb Code   100  rt_memcpy_w.o(.text)
    _memcpy_lastbytes_aligned                0x0800047b   Thumb Code     0  rt_memcpy_w.o(.text)
    __aeabi_memset                           0x08000497   Thumb Code    16  aeabi_memset.o(.text)
    __aeabi_memclr4                          0x080004a7   Thumb Code     0  rt_memclr_w.o(.text)
    __aeabi_memclr8                          0x080004a7   Thumb Code     0  rt_memclr_w.o(.text)
    __rt_memclr_w                            0x080004a7   Thumb Code    78  rt_memclr_w.o(.text)
    _memset_w                                0x080004ab   Thumb Code     0  rt_memclr_w.o(.text)
    __use_two_region_memory                  0x080004f5   Thumb Code     2  heapauxi.o(.text)
    __rt_heap_escrow                         0x080004f7   Thumb Code     2  heapauxi.o(.text)
    __rt_heap_expand                         0x080004f9   Thumb Code     2  heapauxi.o(.text)
    __aeabi_uldivmod                         0x080004fb   Thumb Code     0  lludivv7m.o(.text)
    _ll_udiv                                 0x080004fb   Thumb Code   238  lludivv7m.o(.text)
    __read_errno                             0x080005e9   Thumb Code    10  _rserrno.o(.text)
    __set_errno                              0x080005f3   Thumb Code    12  _rserrno.o(.text)
    __aeabi_memclr                           0x080005ff   Thumb Code     0  rt_memclr.o(.text)
    __rt_memclr                              0x080005ff   Thumb Code    68  rt_memclr.o(.text)
    _memset                                  0x08000603   Thumb Code     0  rt_memclr.o(.text)
    __aeabi_errno_addr                       0x08000645   Thumb Code     8  rt_errno_addr_intlibspace.o(.text)
    __errno$intlibspace                      0x08000645   Thumb Code     0  rt_errno_addr_intlibspace.o(.text)
    __rt_errno_addr$intlibspace              0x08000645   Thumb Code     0  rt_errno_addr_intlibspace.o(.text)
    __user_libspace                          0x0800064d   Thumb Code     8  libspace.o(.text)
    __user_perproc_libspace                  0x0800064d   Thumb Code     0  libspace.o(.text)
    __user_perthread_libspace                0x0800064d   Thumb Code     0  libspace.o(.text)
    __user_setup_stackheap                   0x08000655   Thumb Code    74  sys_stackheap_outer.o(.text)
    exit                                     0x0800069f   Thumb Code    18  exit.o(.text)
    __I$use$semihosting                      0x080006b1   Thumb Code     0  use_no_semi.o(.text)
    __use_no_semihosting_swi                 0x080006b1   Thumb Code     2  use_no_semi.o(.text)
    __semihosting_library_function           0x080006b3   Thumb Code     0  indicate_semi.o(.text)
    _sys_exit                                0x080006b5   Thumb Code     8  sys_exit.o(.text)
    BusFault_Handler                         0x080006c1   Thumb Code     4  stm32f4xx_it.o(i.BusFault_Handler)
    DCD_EP_Close                             0x080006c5   Thumb Code    74  usb_dcd.o(i.DCD_EP_Close)
    DCD_EP_ClrStall                          0x0800070f   Thumb Code    72  usb_dcd.o(i.DCD_EP_ClrStall)
    DCD_EP_Open                              0x08000757   Thumb Code   104  usb_dcd.o(i.DCD_EP_Open)
    DCD_EP_PrepareRx                         0x080007bf   Thumb Code    82  usb_dcd.o(i.DCD_EP_PrepareRx)
    DCD_EP_SetAddress                        0x08000811   Thumb Code    28  usb_dcd.o(i.DCD_EP_SetAddress)
    DCD_EP_Stall                             0x0800082d   Thumb Code    72  usb_dcd.o(i.DCD_EP_Stall)
    DCD_EP_Tx                                0x08000875   Thumb Code    78  usb_dcd.o(i.DCD_EP_Tx)
    DCD_Init                                 0x08000f79   Thumb Code   156  usb_dcd.o(i.DCD_Init)
    DMA2_Stream7_IRQHandler                  0x08001141   Thumb Code     8  bsp_uart.o(i.DMA2_Stream7_IRQHandler)
    DMA_ClearITPendingBit                    0x08001149   Thumb Code    38  stm32f4xx_dma.o(i.DMA_ClearITPendingBit)
    DMA_Cmd                                  0x0800117d   Thumb Code    22  stm32f4xx_dma.o(i.DMA_Cmd)
    DMA_GetCmdStatus                         0x08001193   Thumb Code    20  stm32f4xx_dma.o(i.DMA_GetCmdStatus)
    DMA_ITConfig                             0x080011a7   Thumb Code    58  stm32f4xx_dma.o(i.DMA_ITConfig)
    DMA_Init                                 0x080011e1   Thumb Code    82  stm32f4xx_dma.o(i.DMA_Init)
    DebugMon_Handler                         0x08001239   Thumb Code     2  stm32f4xx_it.o(i.DebugMon_Handler)
    EXTI9_5_IRQHandler                       0x0800123b   Thumb Code    24  app_sensor.o(i.EXTI9_5_IRQHandler)
    EXTI_ClearITPendingBit                   0x08001255   Thumb Code     6  stm32f4xx_exti.o(i.EXTI_ClearITPendingBit)
    EXTI_GetITStatus                         0x08001261   Thumb Code    20  stm32f4xx_exti.o(i.EXTI_GetITStatus)
    EXTI_Init                                0x08001279   Thumb Code   142  stm32f4xx_exti.o(i.EXTI_Init)
    GPIO_Init                                0x0800130d   Thumb Code   144  stm32f4xx_gpio.o(i.GPIO_Init)
    GPIO_PinAFConfig                         0x0800139d   Thumb Code    70  stm32f4xx_gpio.o(i.GPIO_PinAFConfig)
    HardFault_Handler                        0x080014f5   Thumb Code     4  stm32f4xx_it.o(i.HardFault_Handler)
    MemManage_Handler                        0x08001537   Thumb Code     4  stm32f4xx_it.o(i.MemManage_Handler)
    NMI_Handler                              0x0800153b   Thumb Code     2  stm32f4xx_it.o(i.NMI_Handler)
    NVIC_Init                                0x0800153d   Thumb Code   106  misc.o(i.NVIC_Init)
    NVIC_PriorityGroupConfig                 0x080015b5   Thumb Code    10  misc.o(i.NVIC_PriorityGroupConfig)
    OTG_FS_IRQHandler                        0x080015c9   Thumb Code    10  usbd_usr.o(i.OTG_FS_IRQHandler)
    RCC_AHB1PeriphClockCmd                   0x080015d9   Thumb Code    26  stm32f4xx_rcc.o(i.RCC_AHB1PeriphClockCmd)
    RCC_AHB2PeriphClockCmd                   0x080015f9   Thumb Code    26  stm32f4xx_rcc.o(i.RCC_AHB2PeriphClockCmd)
    RCC_APB2PeriphClockCmd                   0x08001619   Thumb Code    26  stm32f4xx_rcc.o(i.RCC_APB2PeriphClockCmd)
    RCC_GetClocksFreq                        0x08001639   Thumb Code   214  stm32f4xx_rcc.o(i.RCC_GetClocksFreq)
    SYSCFG_EXTILineConfig                    0x0800171d   Thumb Code    60  stm32f4xx_syscfg.o(i.SYSCFG_EXTILineConfig)
    SysTick_Handler                          0x08001845   Thumb Code    16  bsp_timer.o(i.SysTick_Handler)
    SystemInit                               0x08001855   Thumb Code    88  system_stm32f4xx.o(i.SystemInit)
    USART1_IRQHandler                        0x080018bd   Thumb Code     8  bsp_uart.o(i.USART1_IRQHandler)
    USART_ClearFlag                          0x080018c5   Thumb Code    18  stm32f4xx_usart.o(i.USART_ClearFlag)
    USART_ClearITPendingBit                  0x080018d7   Thumb Code    30  stm32f4xx_usart.o(i.USART_ClearITPendingBit)
    USART_Cmd                                0x080018f5   Thumb Code    24  stm32f4xx_usart.o(i.USART_Cmd)
    USART_DMACmd                             0x0800190d   Thumb Code    18  stm32f4xx_usart.o(i.USART_DMACmd)
    USART_GetITStatus                        0x0800191f   Thumb Code    84  stm32f4xx_usart.o(i.USART_GetITStatus)
    USART_ITConfig                           0x08001973   Thumb Code    74  stm32f4xx_usart.o(i.USART_ITConfig)
    USART_Init                               0x080019bd   Thumb Code   204  stm32f4xx_usart.o(i.USART_Init)
    USART_ReceiveData                        0x08001a91   Thumb Code    10  stm32f4xx_usart.o(i.USART_ReceiveData)
    USART_SendData                           0x08001a9b   Thumb Code     8  stm32f4xx_usart.o(i.USART_SendData)
    USBD_ClrCfg                              0x08001aa3   Thumb Code    22  usbd_core.o(i.USBD_ClrCfg)
    USBD_CtlContinueRx                       0x08001b01   Thumb Code    30  usbd_ioreq.o(i.USBD_CtlContinueRx)
    USBD_CtlContinueSendData                 0x08001b1f   Thumb Code    30  usbd_ioreq.o(i.USBD_CtlContinueSendData)
    USBD_CtlError                            0x08001b3d   Thumb Code    30  usbd_req.o(i.USBD_CtlError)
    USBD_CtlPrepareRx                        0x08001b5b   Thumb Code    46  usbd_ioreq.o(i.USBD_CtlPrepareRx)
    USBD_CtlReceiveStatus                    0x08001b89   Thumb Code    36  usbd_ioreq.o(i.USBD_CtlReceiveStatus)
    USBD_CtlSendData                         0x08001bad   Thumb Code    46  usbd_ioreq.o(i.USBD_CtlSendData)
    USBD_CtlSendStatus                       0x08001bdb   Thumb Code    36  usbd_ioreq.o(i.USBD_CtlSendStatus)
    USBD_DeInit                              0x08001d7d   Thumb Code     6  usbd_core.o(i.USBD_DeInit)
    USBD_GetString                           0x08001f51   Thumb Code    82  usbd_req.o(i.USBD_GetString)
    USBD_Init                                0x08001fa3   Thumb Code    66  usbd_core.o(i.USBD_Init)
    USBD_OTG_ISR_Handler                     0x08002009   Thumb Code   224  usb_dcd_int.o(i.USBD_OTG_ISR_Handler)
    USBD_ParseSetupRequest                   0x080020e9   Thumb Code    72  usbd_req.o(i.USBD_ParseSetupRequest)
    USBD_SetCfg                              0x0800220b   Thumb Code    30  usbd_core.o(i.USBD_SetCfg)
    USBD_StdDevReq                           0x080023fd   Thumb Code   114  usbd_req.o(i.USBD_StdDevReq)
    USBD_StdEPReq                            0x08002471   Thumb Code   370  usbd_req.o(i.USBD_StdEPReq)
    USBD_StdItfReq                           0x080025e9   Thumb Code    76  usbd_req.o(i.USBD_StdItfReq)
    USBD_USR_ConfigStrDescriptor             0x08002655   Thumb Code    34  usbd_desc.o(i.USBD_USR_ConfigStrDescriptor)
    USBD_USR_DeviceConfigured                0x08002689   Thumb Code     8  usbd_usr.o(i.USBD_USR_DeviceConfigured)
    USBD_USR_DeviceConnected                 0x08002695   Thumb Code     8  usbd_usr.o(i.USBD_USR_DeviceConnected)
    USBD_USR_DeviceDescriptor                0x080026a1   Thumb Code    10  usbd_desc.o(i.USBD_USR_DeviceDescriptor)
    USBD_USR_DeviceDisconnected              0x080026b1   Thumb Code     8  usbd_usr.o(i.USBD_USR_DeviceDisconnected)
    USBD_USR_DeviceReset                     0x080026bd   Thumb Code    18  usbd_usr.o(i.USBD_USR_DeviceReset)
    USBD_USR_DeviceResumed                   0x080026cf   Thumb Code     2  usbd_usr.o(i.USBD_USR_DeviceResumed)
    USBD_USR_DeviceSuspended                 0x080026d1   Thumb Code     8  usbd_usr.o(i.USBD_USR_DeviceSuspended)
    USBD_USR_Init                            0x080026dd   Thumb Code     2  usbd_usr.o(i.USBD_USR_Init)
    USBD_USR_InterfaceStrDescriptor          0x080026e1   Thumb Code    34  usbd_desc.o(i.USBD_USR_InterfaceStrDescriptor)
    USBD_USR_LangIDStrDescriptor             0x08002719   Thumb Code    10  usbd_desc.o(i.USBD_USR_LangIDStrDescriptor)
    USBD_USR_ManufacturerStrDescriptor       0x08002729   Thumb Code    20  usbd_desc.o(i.USBD_USR_ManufacturerStrDescriptor)
    USBD_USR_ProductStrDescriptor            0x08002749   Thumb Code    34  usbd_desc.o(i.USBD_USR_ProductStrDescriptor)
    USBD_USR_SerialStrDescriptor             0x080027b9   Thumb Code    18  usbd_desc.o(i.USBD_USR_SerialStrDescriptor)
    USB_OTG_BSP_EnableInterrupt              0x080027e1   Thumb Code    34  usb_bsp.o(i.USB_OTG_BSP_EnableInterrupt)
    USB_OTG_BSP_Init                         0x08002805   Thumb Code    86  usb_bsp.o(i.USB_OTG_BSP_Init)
    USB_OTG_BSP_mDelay                       0x08002861   Thumb Code    18  usb_bsp.o(i.USB_OTG_BSP_mDelay)
    USB_OTG_BSP_uDelay                       0x08002873   Thumb Code    30  usb_bsp.o(i.USB_OTG_BSP_uDelay)
    USB_OTG_CoreInit                         0x08002891   Thumb Code   294  usb_core.o(i.USB_OTG_CoreInit)
    USB_OTG_CoreInitDev                      0x080029b7   Thumb Code   526  usb_core.o(i.USB_OTG_CoreInitDev)
    USB_OTG_DisableGlobalInt                 0x08002c35   Thumb Code    34  usb_core.o(i.USB_OTG_DisableGlobalInt)
    USB_OTG_EP0Activate                      0x08002c57   Thumb Code   116  usb_core.o(i.USB_OTG_EP0Activate)
    USB_OTG_EP0StartXfer                     0x08002ccb   Thumb Code   342  usb_core.o(i.USB_OTG_EP0StartXfer)
    USB_OTG_EP0_OutStart                     0x08002e21   Thumb Code    98  usb_core.o(i.USB_OTG_EP0_OutStart)
    USB_OTG_EPActivate                       0x08002e83   Thumb Code   152  usb_core.o(i.USB_OTG_EPActivate)
    USB_OTG_EPClearStall                     0x08002f1b   Thumb Code    80  usb_core.o(i.USB_OTG_EPClearStall)
    USB_OTG_EPDeactivate                     0x08002f6b   Thumb Code    94  usb_core.o(i.USB_OTG_EPDeactivate)
    USB_OTG_EPSetStall                       0x08002fc9   Thumb Code   100  usb_core.o(i.USB_OTG_EPSetStall)
    USB_OTG_EPStartXfer                      0x0800302d   Thumb Code   510  usb_core.o(i.USB_OTG_EPStartXfer)
    USB_OTG_EnableDevInt                     0x0800325f   Thumb Code   154  usb_core.o(i.USB_OTG_EnableDevInt)
    USB_OTG_EnableGlobalInt                  0x080032f9   Thumb Code    34  usb_core.o(i.USB_OTG_EnableGlobalInt)
    USB_OTG_FlushRxFifo                      0x0800331d   Thumb Code    70  usb_core.o(i.USB_OTG_FlushRxFifo)
    USB_OTG_FlushTxFifo                      0x08003369   Thumb Code    80  usb_core.o(i.USB_OTG_FlushTxFifo)
    USB_OTG_GetDeviceSpeed                   0x080033bd   Thumb Code    56  usb_core.o(i.USB_OTG_GetDeviceSpeed)
    USB_OTG_GetMode                          0x080033f5   Thumb Code    12  usb_core.o(i.USB_OTG_GetMode)
    USB_OTG_InitDevSpeed                     0x08003401   Thumb Code    24  usb_core.o(i.USB_OTG_InitDevSpeed)
    USB_OTG_IsDeviceMode                     0x08003419   Thumb Code    22  usb_core.o(i.USB_OTG_IsDeviceMode)
    USB_OTG_ReadCoreItr                      0x0800342f   Thumb Code    16  usb_core.o(i.USB_OTG_ReadCoreItr)
    USB_OTG_ReadDevAllInEPItr                0x0800343f   Thumb Code    16  usb_core.o(i.USB_OTG_ReadDevAllInEPItr)
    USB_OTG_ReadDevAllOutEp_itr              0x0800344f   Thumb Code    16  usb_core.o(i.USB_OTG_ReadDevAllOutEp_itr)
    USB_OTG_ReadDevOutEP_itr                 0x0800345f   Thumb Code    20  usb_core.o(i.USB_OTG_ReadDevOutEP_itr)
    USB_OTG_ReadPacket                       0x08003473   Thumb Code    40  usb_core.o(i.USB_OTG_ReadPacket)
    USB_OTG_SelectCore                       0x0800349d   Thumb Code   204  usb_core.o(i.USB_OTG_SelectCore)
    USB_OTG_SetCurrentMode                   0x0800356d   Thumb Code    78  usb_core.o(i.USB_OTG_SetCurrentMode)
    USB_OTG_WritePacket                      0x080035bb   Thumb Code    64  usb_core.o(i.USB_OTG_WritePacket)
    UsageFault_Handler                       0x080035fb   Thumb Code     4  stm32f4xx_it.o(i.UsageFault_Handler)
    __ARM_fpclassifyf                        0x08003729   Thumb Code    38  fpclassifyf.o(i.__ARM_fpclassifyf)
    __hardfp_cosf                            0x08003751   Thumb Code   280  cosf.o(i.__hardfp_cosf)
    __hardfp_powf                            0x080038a1   Thumb Code  1606  powf.o(i.__hardfp_powf)
    __mathlib_powf                           0x080038a1   Thumb Code     0  powf.o(i.__hardfp_powf)
    __hardfp_sqrtf                           0x08003f05   Thumb Code    58  sqrtf.o(i.__hardfp_sqrtf)
    __hardfp_tanf                            0x08003f41   Thumb Code   322  tanf.o(i.__hardfp_tanf)
    __mathlib_flt_divzero                    0x080040bd   Thumb Code    14  funder.o(i.__mathlib_flt_divzero)
    __mathlib_flt_infnan                     0x080040d1   Thumb Code     6  funder.o(i.__mathlib_flt_infnan)
    __mathlib_flt_infnan2                    0x080040d7   Thumb Code     6  funder.o(i.__mathlib_flt_infnan2)
    __mathlib_flt_invalid                    0x080040dd   Thumb Code    10  funder.o(i.__mathlib_flt_invalid)
    __mathlib_flt_overflow                   0x080040ed   Thumb Code    10  funder.o(i.__mathlib_flt_overflow)
    __mathlib_flt_underflow                  0x080040fd   Thumb Code    10  funder.o(i.__mathlib_flt_underflow)
    __mathlib_rredf2                         0x0800410d   Thumb Code   316  rredf.o(i.__mathlib_rredf2)
    ano_Init                                 0x0800432d   Thumb Code    34  app_ano.o(i.ano_Init)
    ano_PacketRxTask                         0x0800441d   Thumb Code    38  app_ano.o(i.ano_PacketRxTask)
    ano_ReceivePacketBlocking                0x08004449   Thumb Code    28  app_ano.o(i.ano_ReceivePacketBlocking)
    bsp_Config                               0x0800446b   Thumb Code    24  bsp.o(i.bsp_Config)
    bsp_led_Init                             0x08004485   Thumb Code   256  bsp_led.o(i.bsp_led_Init)
    bsp_led_OFF                              0x08004595   Thumb Code   158  bsp_led.o(i.bsp_led_OFF)
    bsp_led_ON                               0x0800463d   Thumb Code   158  bsp_led.o(i.bsp_led_ON)
    bsp_led_StartFlash                       0x080046e5   Thumb Code   266  bsp_led.o(i.bsp_led_StartFlash)
    bsp_led_Thread                           0x080047f9   Thumb Code   386  bsp_led.o(i.bsp_led_Thread)
    bsp_mag_Init                             0x08004981   Thumb Code    12  bsp_magnet.o(i.bsp_mag_Init)
    bsp_mag_SetMode                          0x08004995   Thumb Code    24  bsp_magnet.o(i.bsp_mag_SetMode)
    bsp_mpu_GetMotion9                       0x080049b1   Thumb Code   202  bsp_mpu.o(i.bsp_mpu_GetMotion9)
    bsp_mpu_IICConfig                        0x08004a85   Thumb Code    86  bsp_mpu.o(i.bsp_mpu_IICConfig)
    bsp_mpu_Init                             0x08004ae5   Thumb Code     8  bsp_mpu.o(i.bsp_mpu_Init)
    bsp_mpu_Reset                            0x08004aed   Thumb Code    28  bsp_mpu.o(i.bsp_mpu_Reset)
    bsp_mpu_SetAccelDLPF                     0x08004b0d   Thumb Code    36  bsp_mpu.o(i.bsp_mpu_SetAccelDLPF)
    bsp_mpu_SetClockSource                   0x08004b35   Thumb Code    36  bsp_mpu.o(i.bsp_mpu_SetClockSource)
    bsp_mpu_SetDLPFMode                      0x08004b5d   Thumb Code    36  bsp_mpu.o(i.bsp_mpu_SetDLPFMode)
    bsp_mpu_SetFullScaleAccelRange           0x08004b85   Thumb Code    36  bsp_mpu.o(i.bsp_mpu_SetFullScaleAccelRange)
    bsp_mpu_SetFullScaleGyroRange            0x08004bad   Thumb Code    36  bsp_mpu.o(i.bsp_mpu_SetFullScaleGyroRange)
    bsp_mpu_SetI2CBypassEnabled              0x08004bd5   Thumb Code    28  bsp_mpu.o(i.bsp_mpu_SetI2CBypassEnabled)
    bsp_mpu_SetI2CMasterModeEnabled          0x08004bf5   Thumb Code    28  bsp_mpu.o(i.bsp_mpu_SetI2CMasterModeEnabled)
    bsp_mpu_SetIntDataReadyEnabled           0x08004c15   Thumb Code    28  bsp_mpu.o(i.bsp_mpu_SetIntDataReadyEnabled)
    bsp_mpu_SetIntEnabled                    0x08004c35   Thumb Code    24  bsp_mpu.o(i.bsp_mpu_SetIntEnabled)
    bsp_mpu_SetInterruptDrive                0x08004c51   Thumb Code    28  bsp_mpu.o(i.bsp_mpu_SetInterruptDrive)
    bsp_mpu_SetInterruptLatch                0x08004c71   Thumb Code    28  bsp_mpu.o(i.bsp_mpu_SetInterruptLatch)
    bsp_mpu_SetInterruptLatchClear           0x08004c91   Thumb Code    28  bsp_mpu.o(i.bsp_mpu_SetInterruptLatchClear)
    bsp_mpu_SetInterruptMode                 0x08004cb1   Thumb Code    28  bsp_mpu.o(i.bsp_mpu_SetInterruptMode)
    bsp_mpu_SetMasterClockSpeed              0x08004cd1   Thumb Code    36  bsp_mpu.o(i.bsp_mpu_SetMasterClockSpeed)
    bsp_mpu_SetRate                          0x08004cf9   Thumb Code    24  bsp_mpu.o(i.bsp_mpu_SetRate)
    bsp_mpu_SetSlave4MasterDelay             0x08004d15   Thumb Code    36  bsp_mpu.o(i.bsp_mpu_SetSlave4MasterDelay)
    bsp_mpu_SetSlaveAddress                  0x08004d3d   Thumb Code    40  bsp_mpu.o(i.bsp_mpu_SetSlaveAddress)
    bsp_mpu_SetSlaveDataLength               0x08004d69   Thumb Code    52  bsp_mpu.o(i.bsp_mpu_SetSlaveDataLength)
    bsp_mpu_SetSlaveDelayEnabled             0x08004da1   Thumb Code    26  bsp_mpu.o(i.bsp_mpu_SetSlaveDelayEnabled)
    bsp_mpu_SetSlaveEnabled                  0x08004dc1   Thumb Code    42  bsp_mpu.o(i.bsp_mpu_SetSlaveEnabled)
    bsp_mpu_SetSlaveReadWriteTransitionEnabled 0x08004df1   Thumb Code    28  bsp_mpu.o(i.bsp_mpu_SetSlaveReadWriteTransitionEnabled)
    bsp_mpu_SetSlaveRegister                 0x08004e11   Thumb Code    40  bsp_mpu.o(i.bsp_mpu_SetSlaveRegister)
    bsp_mpu_SetSleepEnabled                  0x08004e3d   Thumb Code    28  bsp_mpu.o(i.bsp_mpu_SetSleepEnabled)
    bsp_mpu_SetTempSensorEnabled             0x08004e5d   Thumb Code    32  bsp_mpu.o(i.bsp_mpu_SetTempSensorEnabled)
    bsp_rcc_GPIOClcokCmd                     0x08004e81   Thumb Code    20  bsp_rcc.o(i.bsp_rcc_GPIOClcokCmd)
    bsp_rcc_GetGPIORCC                       0x08004e95   Thumb Code    94  bsp_rcc.o(i.bsp_rcc_GetGPIORCC)
    bsp_tim_DelayUs                          0x08004f19   Thumb Code    76  bsp_timer.o(i.bsp_tim_DelayUs)
    bsp_tim_Init                             0x08004f6d   Thumb Code   114  bsp_timer.o(i.bsp_tim_Init)
    bsp_uart_DMAIsr                          0x0800504d   Thumb Code    54  bsp_uart.o(i.bsp_uart_DMAIsr)
    bsp_uart_GetDataWithTimeout              0x080050e9   Thumb Code    34  bsp_uart.o(i.bsp_uart_GetDataWithTimeout)
    bsp_uart_Init                            0x08005111   Thumb Code    40  bsp_uart.o(i.bsp_uart_Init)
    bsp_uart_Isr                             0x0800513d   Thumb Code   134  bsp_uart.o(i.bsp_uart_Isr)
    bsp_uart_SendDataDmaBlocking             0x08005265   Thumb Code   134  bsp_uart.o(i.bsp_uart_SendDataDmaBlocking)
    filter_LPF2P_Filter                      0x0800536d   Thumb Code   110  filter.o(i.filter_LPF2P_Filter)
    filter_LPF2P_Init                        0x080053db   Thumb Code    52  filter.o(i.filter_LPF2P_Init)
    filter_LPF2P_SetCutoffFreq               0x08005411   Thumb Code   198  filter.o(i.filter_LPF2P_SetCutoffFreq)
    i2c_ReadBuff                             0x080054e5   Thumb Code   160  i2cdrv.o(i.i2c_ReadBuff)
    i2c_ReadByte                             0x08005585   Thumb Code    30  i2cdrv.o(i.i2c_ReadByte)
    i2c_WriteBit                             0x080055a3   Thumb Code    80  i2cdrv.o(i.i2c_WriteBit)
    i2c_WriteBits                            0x080055f3   Thumb Code   142  i2cdrv.o(i.i2c_WriteBits)
    i2c_WriteBuff                            0x08005681   Thumb Code   128  i2cdrv.o(i.i2c_WriteBuff)
    i2c_WriteByte                            0x08005701   Thumb Code    32  i2cdrv.o(i.i2c_WriteByte)
    main                                     0x080059b5   Thumb Code    46  main.o(i.main)
    pvPortMalloc                             0x08006321   Thumb Code   198  heap_4.o(i.pvPortMalloc)
    pvTaskIncrementMutexHeldCount            0x080063fd   Thumb Code    26  tasks.o(i.pvTaskIncrementMutexHeldCount)
    pxPortInitialiseStack                    0x0800641d   Thumb Code    38  port.o(i.pxPortInitialiseStack)
    sensors_AcquireData                      0x08006449   Thumb Code    28  app_sensor.o(i.sensors_AcquireData)
    sensors_GetAccData                       0x08006811   Thumb Code    28  app_sensor.o(i.sensors_GetAccData)
    sensors_GetGyroData                      0x08006831   Thumb Code    28  app_sensor.o(i.sensors_GetGyroData)
    sensors_GetMagData                       0x08006851   Thumb Code    28  app_sensor.o(i.sensors_GetMagData)
    sensors_Init                             0x08006871   Thumb Code    48  app_sensor.o(i.sensors_Init)
    sensors_ProcessAccAndGyroData            0x0800696d   Thumb Code   272  app_sensor.o(i.sensors_ProcessAccAndGyroData)
    sensors_ProcessMagnetomterData           0x08006bbd   Thumb Code    82  app_sensor.o(i.sensors_ProcessMagnetomterData)
    sensors_Task                             0x08006c81   Thumb Code   182  app_sensor.o(i.sensors_Task)
    task_LEDTask                             0x08006d59   Thumb Code    26  app_led.o(i.task_LEDTask)
    task_StartTask                           0x08006d75   Thumb Code   206  main.o(i.task_StartTask)
    test                                     0x08006ec5   Thumb Code   466  main.o(i.test)
    uartlink_Init                            0x0800709d   Thumb Code    38  app_uartlink.o(i.uartlink_Init)
    uartlink_RxTask                          0x080070cd   Thumb Code   224  app_uartlink.o(i.uartlink_RxTask)
    uartlink_SendData                        0x080071b5   Thumb Code    16  app_uartlink.o(i.uartlink_SendData)
    uartlink_TxTask                          0x080071c5   Thumb Code   116  app_uartlink.o(i.uartlink_TxTask)
    usbGetDataWithTimout                     0x0800723d   Thumb Code    34  usbd_cdc_vcp.o(i.usbGetDataWithTimout)
    usb_printf                               0x08007265   Thumb Code    12  usbd_cdc_vcp.o(i.usb_printf)
    usbd_cdc_DataIn                          0x08007271   Thumb Code   160  usbd_cdc_core.o(i.usbd_cdc_DataIn)
    usbd_cdc_DataOut                         0x08007321   Thumb Code    48  usbd_cdc_core.o(i.usbd_cdc_DataOut)
    usbd_cdc_DeInit                          0x08007359   Thumb Code    40  usbd_cdc_core.o(i.usbd_cdc_DeInit)
    usbd_cdc_EP0_RxReady                     0x08007385   Thumb Code    38  usbd_cdc_core.o(i.usbd_cdc_EP0_RxReady)
    usbd_cdc_Init                            0x080073bd   Thumb Code    74  usbd_cdc_core.o(i.usbd_cdc_Init)
    usbd_cdc_SOF                             0x08007415   Thumb Code    36  usbd_cdc_core.o(i.usbd_cdc_SOF)
    usbd_cdc_Setup                           0x0800743d   Thumb Code   176  usbd_cdc_core.o(i.usbd_cdc_Setup)
    usbd_cdc_vcp_Init                        0x08007501   Thumb Code    34  usbd_cdc_vcp.o(i.usbd_cdc_vcp_Init)
    usblink_Init                             0x08007539   Thumb Code    38  app_usblink.o(i.usblink_Init)
    usblink_RxTask                           0x08007569   Thumb Code   228  app_usblink.o(i.usblink_RxTask)
    usblink_SendPacket                       0x08007655   Thumb Code    28  app_usblink.o(i.usblink_SendPacket)
    usblink_TxTask                           0x08007675   Thumb Code   116  app_usblink.o(i.usblink_TxTask)
    usbsendData                              0x080076ed   Thumb Code    24  usbd_cdc_vcp.o(i.usbsendData)
    uxListRemove                             0x08007705   Thumb Code    40  list.o(i.uxListRemove)
    vApplicationMallocFailedHook             0x0800772d   Thumb Code    22  bsp.o(i.vApplicationMallocFailedHook)
    vListInitialise                          0x08007743   Thumb Code    26  list.o(i.vListInitialise)
    vListInitialiseItem                      0x0800775d   Thumb Code     6  list.o(i.vListInitialiseItem)
    vListInsert                              0x08007763   Thumb Code    52  list.o(i.vListInsert)
    vListInsertEnd                           0x08007797   Thumb Code    24  list.o(i.vListInsertEnd)
    vPortEnterCritical                       0x080077b1   Thumb Code    30  port.o(i.vPortEnterCritical)
    vPortExitCritical                        0x080077d5   Thumb Code    28  port.o(i.vPortExitCritical)
    vPortFree                                0x080077f5   Thumb Code    64  heap_4.o(i.vPortFree)
    vPortSetupTimerInterrupt                 0x0800783d   Thumb Code    14  port.o(i.vPortSetupTimerInterrupt)
    vQueueAddToRegistry                      0x08007851   Thumb Code    38  queue.o(i.vQueueAddToRegistry)
    vQueueWaitForMessageRestricted           0x0800787d   Thumb Code    74  queue.o(i.vQueueWaitForMessageRestricted)
    vTaskDelay                               0x080078c9   Thumb Code    46  tasks.o(i.vTaskDelay)
    vTaskDelayUntil                          0x080078fd   Thumb Code   106  tasks.o(i.vTaskDelayUntil)
    vTaskDelete                              0x08007971   Thumb Code   166  tasks.o(i.vTaskDelete)
    vTaskMissedYield                         0x08007a3d   Thumb Code     8  tasks.o(i.vTaskMissedYield)
    vTaskPlaceOnEventList                    0x08007a49   Thumb Code    28  tasks.o(i.vTaskPlaceOnEventList)
    vTaskPlaceOnEventListRestricted          0x08007a69   Thumb Code    36  tasks.o(i.vTaskPlaceOnEventListRestricted)
    vTaskPriorityInherit                     0x08007a91   Thumb Code   164  tasks.o(i.vTaskPriorityInherit)
    vTaskSetTimeOutState                     0x08007b41   Thumb Code    14  tasks.o(i.vTaskSetTimeOutState)
    vTaskStartScheduler                      0x08007b59   Thumb Code    82  tasks.o(i.vTaskStartScheduler)
    vTaskSuspendAll                          0x08007bc9   Thumb Code    12  tasks.o(i.vTaskSuspendAll)
    vTaskSwitchContext                       0x08007bd9   Thumb Code    76  tasks.o(i.vTaskSwitchContext)
    xPortStartScheduler                      0x08007c39   Thumb Code    58  port.o(i.xPortStartScheduler)
    xPortSysTickHandler                      0x08007c81   Thumb Code    46  port.o(i.xPortSysTickHandler)
    xQueueGenericCreate                      0x08007cb5   Thumb Code    56  queue.o(i.xQueueGenericCreate)
    xQueueGenericReceive                     0x08007ced   Thumb Code   342  queue.o(i.xQueueGenericReceive)
    xQueueGenericReset                       0x08007e49   Thumb Code   122  queue.o(i.xQueueGenericReset)
    xQueueGenericSend                        0x08007ec9   Thumb Code   308  queue.o(i.xQueueGenericSend)
    xQueueGenericSendFromISR                 0x08008001   Thumb Code   156  queue.o(i.xQueueGenericSendFromISR)
    xQueueGiveFromISR                        0x0800809d   Thumb Code   142  queue.o(i.xQueueGiveFromISR)
    xTaskCheckForTimeOut                     0x0800812d   Thumb Code    84  tasks.o(i.xTaskCheckForTimeOut)
    xTaskCreate                              0x08008189   Thumb Code    96  tasks.o(i.xTaskCreate)
    xTaskGetSchedulerState                   0x080081e9   Thumb Code    24  tasks.o(i.xTaskGetSchedulerState)
    xTaskGetTickCount                        0x08008209   Thumb Code     6  tasks.o(i.xTaskGetTickCount)
    xTaskIncrementTick                       0x08008215   Thumb Code   238  tasks.o(i.xTaskIncrementTick)
    xTaskPriorityDisinherit                  0x08008331   Thumb Code   122  tasks.o(i.xTaskPriorityDisinherit)
    xTaskRemoveFromEventList                 0x080083b5   Thumb Code   104  tasks.o(i.xTaskRemoveFromEventList)
    xTaskResumeAll                           0x08008435   Thumb Code   196  tasks.o(i.xTaskResumeAll)
    xTimerCreateTimerTask                    0x0800851d   Thumb Code    40  timers.o(i.xTimerCreateTimerTask)
    xTimerGenericCommand                     0x08008559   Thumb Code   104  timers.o(i.xTimerGenericCommand)
    __aeabi_ul2f                             0x080085c5   Thumb Code     0  ffltll_clz.o(x$fpl$ffltll)
    _ll_uto_f                                0x080085c5   Thumb Code     6  ffltll_clz.o(x$fpl$ffltll)
    __aeabi_l2f                              0x080085cb   Thumb Code     0  ffltll_clz.o(x$fpl$ffltll)
    _ll_sto_f                                0x080085cb   Thumb Code    90  ffltll_clz.o(x$fpl$ffltll)
    _fp_init                                 0x08008625   Thumb Code    10  fpinit.o(x$fpl$fpinit)
    __fplib_config_fpu_vfp                   0x0800862d   Thumb Code     0  fpinit.o(x$fpl$fpinit)
    __fplib_config_pureend_doubles           0x0800862d   Thumb Code     0  fpinit.o(x$fpl$fpinit)
    __I$use$fp                               0x0800862e   Number         0  usenofp.o(x$fpl$usenofp)
    Region$$Table$$Base                      0x08008790   Number         0  anon$$obj.o(Region$$Table)
    Region$$Table$$Limit                     0x080087b0   Number         0  anon$$obj.o(Region$$Table)
    startTaskHandle                          0x20000000   Data           4  main.o(.data)
    SystemCoreClock                          0x20000004   Data           4  system_stm32f4xx.o(.data)
    AHBPrescTable                            0x20000008   Data          16  system_stm32f4xx.o(.data)
    isInit                                   0x2000004c   Data           1  app_ano.o(.data)
    SET_TEST_MODE                            0x200000a8   Data           4  usbd_core.o(.data)
    USBD_DCD_INT_cb                          0x200000ac   Data          44  usbd_core.o(.data)
    USBD_DCD_INT_fops                        0x200000d8   Data           4  usbd_core.o(.data)
    USBD_ep_status                           0x200000dc   Data           4  usbd_req.o(.data)
    USBD_default_cfg                         0x200000e0   Data           4  usbd_req.o(.data)
    USBD_cfg_status                          0x200000e4   Data           4  usbd_req.o(.data)
    CmdBuff                                  0x200000f0   Data           8  usbd_cdc_core.o(.data)
    APP_Rx_ptr_in                            0x200000f8   Data           4  usbd_cdc_core.o(.data)
    APP_Rx_ptr_out                           0x200000fc   Data           4  usbd_cdc_core.o(.data)
    APP_Rx_length                            0x20000100   Data           4  usbd_cdc_core.o(.data)
    USB_Tx_State                             0x20000104   Data           1  usbd_cdc_core.o(.data)
    USBD_CDC_cb                              0x20000110   Data          44  usbd_cdc_core.o(.data)
    usbd_cdc_CfgDesc                         0x2000013c   Data          67  usbd_cdc_core.o(.data)
    linecoding                               0x20000188   Data           8  usbd_cdc_vcp.o(.data)
    usb_rx_ptr_in                            0x20000190   Data           1  usbd_cdc_vcp.o(.data)
    usb_rx_ptr_out                           0x20000191   Data           1  usbd_cdc_vcp.o(.data)
    VCP_fops                                 0x20000194   Data          20  usbd_cdc_vcp.o(.data)
    USR_desc                                 0x200001a8   Data          28  usbd_desc.o(.data)
    USBD_DeviceDesc                          0x200001c4   Data          18  usbd_desc.o(.data)
    USBD_DeviceQualifierDesc                 0x200001d6   Data          10  usbd_desc.o(.data)
    USBD_LangIDDesc                          0x200001e0   Data           4  usbd_desc.o(.data)
    USBD_StringSerial                        0x200001e4   Data          26  usbd_desc.o(.data)
    bDeviceState                             0x20000200   Data           1  usbd_usr.o(.data)
    USR_cb                                   0x20000204   Data          28  usbd_usr.o(.data)
    pxCurrentTCB                             0x20000220   Data           4  tasks.o(.data)
    SoftTimer                                0x20000304   Data         160  bsp_timer.o(.bss)
    mpu_i2c                                  0x20000420   Data          16  bsp_mpu.o(.bss)
    usbd_cdc_OtherCfgDesc                    0x20001da8   Data          67  usbd_cdc_core.o(.bss)
    USB_Rx_Buffer                            0x20001deb   Data          64  usbd_cdc_core.o(.bss)
    APP_Rx_Buffer                            0x20001e2b   Data         512  usbd_cdc_core.o(.bss)
    USB_OTG_dev                              0x2000202c   Data        1524  usbd_cdc_vcp.o(.bss)
    usb_rx_buf                               0x20002620   Data         200  usbd_cdc_vcp.o(.bss)
    USBD_StrDesc                             0x200026e8   Data         255  usbd_desc.o(.bss)
    xQueueRegistry                           0x200027e8   Data          80  queue.o(.bss)
    __libspace_start                         0x2000a344   Data          96  libspace.o(.bss)
    __temporary_stack_top$libspace           0x2000a3a4   Data           0  libspace.o(.bss)



==============================================================================

Memory Map of the image

  Image Entry point : 0x08000189

  Load Region LR_IROM1 (Base: 0x08000000, Size: 0x00008a3c, Max: 0x00040000, ABSOLUTE, COMPRESSED[0x000088ac])

    Execution Region ER_IROM1 (Base: 0x08000000, Size: 0x000087b0, Max: 0x00040000, ABSOLUTE)

    Base Addr    Size         Type   Attr      Idx    E Section Name        Object

    0x08000000   0x00000188   Data   RO          440    RESET               startup_stm32f40_41xxx.o
    0x08000188   0x00000008   Code   RO         6803  * !!!main             c_w.l(__main.o)
    0x08000190   0x00000034   Code   RO         7402    !!!scatter          c_w.l(__scatter.o)
    0x080001c4   0x0000005a   Code   RO         7400    !!dczerorl2         c_w.l(__dczerorl2.o)
    0x0800021e   0x00000002   PAD
    0x08000220   0x0000001c   Code   RO         7404    !!handler_zi        c_w.l(__scatter_zi.o)
    0x0800023c   0x00000002   Code   RO         7193    .ARM.Collect$$libinit$$00000000  c_w.l(libinit.o)
    0x0800023e   0x00000004   Code   RO         7194    .ARM.Collect$$libinit$$00000001  c_w.l(libinit2.o)
    0x08000242   0x00000000   Code   RO         7197    .ARM.Collect$$libinit$$00000004  c_w.l(libinit2.o)
    0x08000242   0x00000000   Code   RO         7200    .ARM.Collect$$libinit$$0000000A  c_w.l(libinit2.o)
    0x08000242   0x00000000   Code   RO         7202    .ARM.Collect$$libinit$$0000000C  c_w.l(libinit2.o)
    0x08000242   0x00000000   Code   RO         7204    .ARM.Collect$$libinit$$0000000E  c_w.l(libinit2.o)
    0x08000242   0x00000000   Code   RO         7207    .ARM.Collect$$libinit$$00000011  c_w.l(libinit2.o)
    0x08000242   0x00000000   Code   RO         7209    .ARM.Collect$$libinit$$00000013  c_w.l(libinit2.o)
    0x08000242   0x00000000   Code   RO         7211    .ARM.Collect$$libinit$$00000015  c_w.l(libinit2.o)
    0x08000242   0x00000000   Code   RO         7213    .ARM.Collect$$libinit$$00000017  c_w.l(libinit2.o)
    0x08000242   0x00000000   Code   RO         7215    .ARM.Collect$$libinit$$00000019  c_w.l(libinit2.o)
    0x08000242   0x00000000   Code   RO         7217    .ARM.Collect$$libinit$$0000001B  c_w.l(libinit2.o)
    0x08000242   0x00000000   Code   RO         7219    .ARM.Collect$$libinit$$0000001D  c_w.l(libinit2.o)
    0x08000242   0x00000000   Code   RO         7221    .ARM.Collect$$libinit$$0000001F  c_w.l(libinit2.o)
    0x08000242   0x00000000   Code   RO         7223    .ARM.Collect$$libinit$$00000021  c_w.l(libinit2.o)
    0x08000242   0x00000000   Code   RO         7225    .ARM.Collect$$libinit$$00000023  c_w.l(libinit2.o)
    0x08000242   0x00000000   Code   RO         7227    .ARM.Collect$$libinit$$00000025  c_w.l(libinit2.o)
    0x08000242   0x00000000   Code   RO         7231    .ARM.Collect$$libinit$$0000002C  c_w.l(libinit2.o)
    0x08000242   0x00000000   Code   RO         7233    .ARM.Collect$$libinit$$0000002E  c_w.l(libinit2.o)
    0x08000242   0x00000000   Code   RO         7235    .ARM.Collect$$libinit$$00000030  c_w.l(libinit2.o)
    0x08000242   0x00000000   Code   RO         7237    .ARM.Collect$$libinit$$00000032  c_w.l(libinit2.o)
    0x08000242   0x00000002   Code   RO         7238    .ARM.Collect$$libinit$$00000033  c_w.l(libinit2.o)
    0x08000244   0x00000002   Code   RO         7381    .ARM.Collect$$libshutdown$$00000000  c_w.l(libshutdown.o)
    0x08000246   0x00000000   Code   RO         7240    .ARM.Collect$$libshutdown$$00000002  c_w.l(libshutdown2.o)
    0x08000246   0x00000000   Code   RO         7242    .ARM.Collect$$libshutdown$$00000004  c_w.l(libshutdown2.o)
    0x08000246   0x00000000   Code   RO         7245    .ARM.Collect$$libshutdown$$00000007  c_w.l(libshutdown2.o)
    0x08000246   0x00000000   Code   RO         7248    .ARM.Collect$$libshutdown$$0000000A  c_w.l(libshutdown2.o)
    0x08000246   0x00000000   Code   RO         7250    .ARM.Collect$$libshutdown$$0000000C  c_w.l(libshutdown2.o)
    0x08000246   0x00000000   Code   RO         7253    .ARM.Collect$$libshutdown$$0000000F  c_w.l(libshutdown2.o)
    0x08000246   0x00000002   Code   RO         7254    .ARM.Collect$$libshutdown$$00000010  c_w.l(libshutdown2.o)
    0x08000248   0x00000000   Code   RO         6909    .ARM.Collect$$rtentry$$00000000  c_w.l(__rtentry.o)
    0x08000248   0x00000000   Code   RO         7015    .ARM.Collect$$rtentry$$00000002  c_w.l(__rtentry2.o)
    0x08000248   0x00000006   Code   RO         7027    .ARM.Collect$$rtentry$$00000004  c_w.l(__rtentry4.o)
    0x0800024e   0x00000000   Code   RO         7017    .ARM.Collect$$rtentry$$00000009  c_w.l(__rtentry2.o)
    0x0800024e   0x00000004   Code   RO         7018    .ARM.Collect$$rtentry$$0000000A  c_w.l(__rtentry2.o)
    0x08000252   0x00000000   Code   RO         7020    .ARM.Collect$$rtentry$$0000000C  c_w.l(__rtentry2.o)
    0x08000252   0x00000008   Code   RO         7021    .ARM.Collect$$rtentry$$0000000D  c_w.l(__rtentry2.o)
    0x0800025a   0x00000002   Code   RO         7262    .ARM.Collect$$rtexit$$00000000  c_w.l(rtexit.o)
    0x0800025c   0x00000000   Code   RO         7322    .ARM.Collect$$rtexit$$00000002  c_w.l(rtexit2.o)
    0x0800025c   0x00000004   Code   RO         7323    .ARM.Collect$$rtexit$$00000003  c_w.l(rtexit2.o)
    0x08000260   0x00000006   Code   RO         7324    .ARM.Collect$$rtexit$$00000004  c_w.l(rtexit2.o)
    0x08000266   0x00000002   PAD
    0x08000268   0x000000b6   Code   RO         6582    .emb_text           port.o
    0x0800031e   0x00000002   PAD
    0x08000320   0x00000040   Code   RO          441    .text               startup_stm32f40_41xxx.o
    0x08000360   0x00000048   Code   RO         6747    .text               c_w.l(llsdiv.o)
    0x080003a8   0x0000008a   Code   RO         6793    .text               c_w.l(rt_memcpy_v6.o)
    0x08000432   0x00000064   Code   RO         6795    .text               c_w.l(rt_memcpy_w.o)
    0x08000496   0x00000010   Code   RO         6797    .text               c_w.l(aeabi_memset.o)
    0x080004a6   0x0000004e   Code   RO         6799    .text               c_w.l(rt_memclr_w.o)
    0x080004f4   0x00000006   Code   RO         6801    .text               c_w.l(heapauxi.o)
    0x080004fa   0x000000ee   Code   RO         6910    .text               c_w.l(lludivv7m.o)
    0x080005e8   0x00000016   Code   RO         6912    .text               c_w.l(_rserrno.o)
    0x080005fe   0x00000044   Code   RO         6933    .text               c_w.l(rt_memclr.o)
    0x08000642   0x00000002   PAD
    0x08000644   0x00000008   Code   RO         7041    .text               c_w.l(rt_errno_addr_intlibspace.o)
    0x0800064c   0x00000008   Code   RO         7102    .text               c_w.l(libspace.o)
    0x08000654   0x0000004a   Code   RO         7107    .text               c_w.l(sys_stackheap_outer.o)
    0x0800069e   0x00000012   Code   RO         7180    .text               c_w.l(exit.o)
    0x080006b0   0x00000002   Code   RO         7259    .text               c_w.l(use_no_semi.o)
    0x080006b2   0x00000000   Code   RO         7261    .text               c_w.l(indicate_semi.o)
    0x080006b2   0x00000002   PAD
    0x080006b4   0x0000000c   Code   RO         7319    .text               c_w.l(sys_exit.o)
    0x080006c0   0x00000004   Code   RO          330    i.BusFault_Handler  stm32f4xx_it.o
    0x080006c4   0x0000004a   Code   RO         4965    i.DCD_EP_Close      usb_dcd.o
    0x0800070e   0x00000048   Code   RO         4966    i.DCD_EP_ClrStall   usb_dcd.o
    0x08000756   0x00000068   Code   RO         4968    i.DCD_EP_Open       usb_dcd.o
    0x080007be   0x00000052   Code   RO         4969    i.DCD_EP_PrepareRx  usb_dcd.o
    0x08000810   0x0000001c   Code   RO         4970    i.DCD_EP_SetAddress  usb_dcd.o
    0x0800082c   0x00000048   Code   RO         4971    i.DCD_EP_Stall      usb_dcd.o
    0x08000874   0x0000004e   Code   RO         4972    i.DCD_EP_Tx         usb_dcd.o
    0x080008c2   0x00000002   PAD
    0x080008c4   0x00000198   Code   RO         5055    i.DCD_HandleEnumDone_ISR  usb_dcd_int.o
    0x08000a5c   0x00000128   Code   RO         5056    i.DCD_HandleInEP_ISR  usb_dcd_int.o
    0x08000b84   0x00000100   Code   RO         5057    i.DCD_HandleOutEP_ISR  usb_dcd_int.o
    0x08000c84   0x0000006c   Code   RO         5058    i.DCD_HandleResume_ISR  usb_dcd_int.o
    0x08000cf0   0x000000b0   Code   RO         5059    i.DCD_HandleRxStatusQueueLevel_ISR  usb_dcd_int.o
    0x08000da0   0x0000002c   Code   RO         5060    i.DCD_HandleSof_ISR  usb_dcd_int.o
    0x08000dcc   0x000000a8   Code   RO         5061    i.DCD_HandleUSBSuspend_ISR  usb_dcd_int.o
    0x08000e74   0x00000104   Code   RO         5062    i.DCD_HandleUsbReset_ISR  usb_dcd_int.o
    0x08000f78   0x0000009c   Code   RO         4974    i.DCD_Init          usb_dcd.o
    0x08001014   0x0000002c   Code   RO         5063    i.DCD_IsoINIncomplete_ISR  usb_dcd_int.o
    0x08001040   0x0000002c   Code   RO         5064    i.DCD_IsoOUTIncomplete_ISR  usb_dcd_int.o
    0x0800106c   0x00000028   Code   RO         5065    i.DCD_ReadDevInEP   usb_dcd_int.o
    0x08001094   0x000000ac   Code   RO         5066    i.DCD_WriteEmptyTxFifo  usb_dcd_int.o
    0x08001140   0x00000008   Code   RO         2691    i.DMA2_Stream7_IRQHandler  bsp_uart.o
    0x08001148   0x00000034   Code   RO         1894    i.DMA_ClearITPendingBit  stm32f4xx_dma.o
    0x0800117c   0x00000016   Code   RO         1895    i.DMA_Cmd           stm32f4xx_dma.o
    0x08001192   0x00000014   Code   RO         1900    i.DMA_GetCmdStatus  stm32f4xx_dma.o
    0x080011a6   0x0000003a   Code   RO         1906    i.DMA_ITConfig      stm32f4xx_dma.o
    0x080011e0   0x00000058   Code   RO         1907    i.DMA_Init          stm32f4xx_dma.o
    0x08001238   0x00000002   Code   RO          331    i.DebugMon_Handler  stm32f4xx_it.o
    0x0800123a   0x00000018   Code   RO         4577    i.EXTI9_5_IRQHandler  app_sensor.o
    0x08001252   0x00000002   PAD
    0x08001254   0x0000000c   Code   RO         2022    i.EXTI_ClearITPendingBit  stm32f4xx_exti.o
    0x08001260   0x00000018   Code   RO         2026    i.EXTI_GetITStatus  stm32f4xx_exti.o
    0x08001278   0x00000094   Code   RO         2027    i.EXTI_Init         stm32f4xx_exti.o
    0x0800130c   0x00000090   Code   RO          492    i.GPIO_Init         stm32f4xx_gpio.o
    0x0800139c   0x00000046   Code   RO          493    i.GPIO_PinAFConfig  stm32f4xx_gpio.o
    0x080013e2   0x00000002   PAD
    0x080013e4   0x00000034   Code   RO         5569    i.Get_SerialNum     usbd_desc.o
    0x08001418   0x000000dc   Code   RO         5386    i.Handle_USBAsynchXfer  usbd_cdc_core.o
    0x080014f4   0x00000004   Code   RO          332    i.HardFault_Handler  stm32f4xx_it.o
    0x080014f8   0x0000003e   Code   RO         5570    i.IntToUnicode      usbd_desc.o
    0x08001536   0x00000004   Code   RO          333    i.MemManage_Handler  stm32f4xx_it.o
    0x0800153a   0x00000002   Code   RO          334    i.NMI_Handler       stm32f4xx_it.o
    0x0800153c   0x00000078   Code   RO          447    i.NVIC_Init         misc.o
    0x080015b4   0x00000014   Code   RO          448    i.NVIC_PriorityGroupConfig  misc.o
    0x080015c8   0x00000010   Code   RO         5643    i.OTG_FS_IRQHandler  usbd_usr.o
    0x080015d8   0x00000020   Code   RO          589    i.RCC_AHB1PeriphClockCmd  stm32f4xx_rcc.o
    0x080015f8   0x00000020   Code   RO          592    i.RCC_AHB2PeriphClockCmd  stm32f4xx_rcc.o
    0x08001618   0x00000020   Code   RO          601    i.RCC_APB2PeriphClockCmd  stm32f4xx_rcc.o
    0x08001638   0x000000e4   Code   RO          610    i.RCC_GetClocksFreq  stm32f4xx_rcc.o
    0x0800171c   0x00000040   Code   RO          926    i.SYSCFG_EXTILineConfig  stm32f4xx_syscfg.o
    0x0800175c   0x000000e8   Code   RO          403    i.SetSysClock       system_stm32f4xx.o
    0x08001844   0x00000010   Code   RO         2606    i.SysTick_Handler   bsp_timer.o
    0x08001854   0x00000068   Code   RO          405    i.SystemInit        system_stm32f4xx.o
    0x080018bc   0x00000008   Code   RO         2692    i.USART1_IRQHandler  bsp_uart.o
    0x080018c4   0x00000012   Code   RO          979    i.USART_ClearFlag   stm32f4xx_usart.o
    0x080018d6   0x0000001e   Code   RO          980    i.USART_ClearITPendingBit  stm32f4xx_usart.o
    0x080018f4   0x00000018   Code   RO          983    i.USART_Cmd         stm32f4xx_usart.o
    0x0800190c   0x00000012   Code   RO          984    i.USART_DMACmd      stm32f4xx_usart.o
    0x0800191e   0x00000054   Code   RO          987    i.USART_GetITStatus  stm32f4xx_usart.o
    0x08001972   0x0000004a   Code   RO          989    i.USART_ITConfig    stm32f4xx_usart.o
    0x080019bc   0x000000d4   Code   RO          990    i.USART_Init        stm32f4xx_usart.o
    0x08001a90   0x0000000a   Code   RO          997    i.USART_ReceiveData  stm32f4xx_usart.o
    0x08001a9a   0x00000008   Code   RO         1000    i.USART_SendData    stm32f4xx_usart.o
    0x08001aa2   0x00000016   Code   RO         5139    i.USBD_ClrCfg       usbd_core.o
    0x08001ab8   0x00000048   Code   RO         5292    i.USBD_ClrFeature   usbd_req.o
    0x08001b00   0x0000001e   Code   RO         5236    i.USBD_CtlContinueRx  usbd_ioreq.o
    0x08001b1e   0x0000001e   Code   RO         5237    i.USBD_CtlContinueSendData  usbd_ioreq.o
    0x08001b3c   0x0000001e   Code   RO         5293    i.USBD_CtlError     usbd_req.o
    0x08001b5a   0x0000002e   Code   RO         5238    i.USBD_CtlPrepareRx  usbd_ioreq.o
    0x08001b88   0x00000024   Code   RO         5239    i.USBD_CtlReceiveStatus  usbd_ioreq.o
    0x08001bac   0x0000002e   Code   RO         5240    i.USBD_CtlSendData  usbd_ioreq.o
    0x08001bda   0x00000024   Code   RO         5241    i.USBD_CtlSendStatus  usbd_ioreq.o
    0x08001bfe   0x000000e8   Code   RO         5140    i.USBD_DataInStage  usbd_core.o
    0x08001ce6   0x00000096   Code   RO         5141    i.USBD_DataOutStage  usbd_core.o
    0x08001d7c   0x00000006   Code   RO         5142    i.USBD_DeInit       usbd_core.o
    0x08001d82   0x00000002   PAD
    0x08001d84   0x00000054   Code   RO         5294    i.USBD_GetConfig    usbd_req.o
    0x08001dd8   0x00000112   Code   RO         5295    i.USBD_GetDescriptor  usbd_req.o
    0x08001eea   0x00000014   Code   RO         5296    i.USBD_GetLen       usbd_req.o
    0x08001efe   0x00000002   PAD
    0x08001f00   0x00000050   Code   RO         5297    i.USBD_GetStatus    usbd_req.o
    0x08001f50   0x00000052   Code   RO         5298    i.USBD_GetString    usbd_req.o
    0x08001fa2   0x00000042   Code   RO         5143    i.USBD_Init         usbd_core.o
    0x08001fe4   0x00000012   Code   RO         5144    i.USBD_IsoINIncomplete  usbd_core.o
    0x08001ff6   0x00000012   Code   RO         5145    i.USBD_IsoOUTIncomplete  usbd_core.o
    0x08002008   0x000000e0   Code   RO         5067    i.USBD_OTG_ISR_Handler  usb_dcd_int.o
    0x080020e8   0x00000048   Code   RO         5299    i.USBD_ParseSetupRequest  usbd_req.o
    0x08002130   0x00000032   Code   RO         5146    i.USBD_Reset        usbd_core.o
    0x08002162   0x0000001e   Code   RO         5147    i.USBD_Resume       usbd_core.o
    0x08002180   0x00000014   Code   RO         5148    i.USBD_RunTestMode  usbd_core.o
    0x08002194   0x0000001a   Code   RO         5149    i.USBD_SOF          usbd_core.o
    0x080021ae   0x0000005c   Code   RO         5300    i.USBD_SetAddress   usbd_req.o
    0x0800220a   0x0000001e   Code   RO         5150    i.USBD_SetCfg       usbd_core.o
    0x08002228   0x000000d0   Code   RO         5301    i.USBD_SetConfig    usbd_req.o
    0x080022f8   0x000000b0   Code   RO         5302    i.USBD_SetFeature   usbd_req.o
    0x080023a8   0x00000054   Code   RO         5151    i.USBD_SetupStage   usbd_core.o
    0x080023fc   0x00000072   Code   RO         5303    i.USBD_StdDevReq    usbd_req.o
    0x0800246e   0x00000002   PAD
    0x08002470   0x00000178   Code   RO         5304    i.USBD_StdEPReq     usbd_req.o
    0x080025e8   0x0000004c   Code   RO         5305    i.USBD_StdItfReq    usbd_req.o
    0x08002634   0x00000020   Code   RO         5152    i.USBD_Suspend      usbd_core.o
    0x08002654   0x00000034   Code   RO         5571    i.USBD_USR_ConfigStrDescriptor  usbd_desc.o
    0x08002688   0x0000000c   Code   RO         5644    i.USBD_USR_DeviceConfigured  usbd_usr.o
    0x08002694   0x0000000c   Code   RO         5645    i.USBD_USR_DeviceConnected  usbd_usr.o
    0x080026a0   0x00000010   Code   RO         5572    i.USBD_USR_DeviceDescriptor  usbd_desc.o
    0x080026b0   0x0000000c   Code   RO         5646    i.USBD_USR_DeviceDisconnected  usbd_usr.o
    0x080026bc   0x00000012   Code   RO         5647    i.USBD_USR_DeviceReset  usbd_usr.o
    0x080026ce   0x00000002   Code   RO         5648    i.USBD_USR_DeviceResumed  usbd_usr.o
    0x080026d0   0x0000000c   Code   RO         5649    i.USBD_USR_DeviceSuspended  usbd_usr.o
    0x080026dc   0x00000002   Code   RO         5650    i.USBD_USR_Init     usbd_usr.o
    0x080026de   0x00000002   PAD
    0x080026e0   0x00000038   Code   RO         5573    i.USBD_USR_InterfaceStrDescriptor  usbd_desc.o
    0x08002718   0x00000010   Code   RO         5574    i.USBD_USR_LangIDStrDescriptor  usbd_desc.o
    0x08002728   0x00000020   Code   RO         5575    i.USBD_USR_ManufacturerStrDescriptor  usbd_desc.o
    0x08002748   0x00000070   Code   RO         5576    i.USBD_USR_ProductStrDescriptor  usbd_desc.o
    0x080027b8   0x00000018   Code   RO         5577    i.USBD_USR_SerialStrDescriptor  usbd_desc.o
    0x080027d0   0x00000010   Code   RO         5387    i.USBD_cdc_GetCfgDesc  usbd_cdc_core.o
    0x080027e0   0x00000022   Code   RO         5460    i.USB_OTG_BSP_EnableInterrupt  usb_bsp.o
    0x08002802   0x00000002   PAD
    0x08002804   0x0000005c   Code   RO         5461    i.USB_OTG_BSP_Init  usb_bsp.o
    0x08002860   0x00000012   Code   RO         5462    i.USB_OTG_BSP_mDelay  usb_bsp.o
    0x08002872   0x0000001e   Code   RO         5463    i.USB_OTG_BSP_uDelay  usb_bsp.o
    0x08002890   0x00000126   Code   RO         4733    i.USB_OTG_CoreInit  usb_core.o
    0x080029b6   0x0000020e   Code   RO         4734    i.USB_OTG_CoreInitDev  usb_core.o
    0x08002bc4   0x00000070   Code   RO         4735    i.USB_OTG_CoreReset  usb_core.o
    0x08002c34   0x00000022   Code   RO         4736    i.USB_OTG_DisableGlobalInt  usb_core.o
    0x08002c56   0x00000074   Code   RO         4737    i.USB_OTG_EP0Activate  usb_core.o
    0x08002cca   0x00000156   Code   RO         4738    i.USB_OTG_EP0StartXfer  usb_core.o
    0x08002e20   0x00000062   Code   RO         4739    i.USB_OTG_EP0_OutStart  usb_core.o
    0x08002e82   0x00000098   Code   RO         4740    i.USB_OTG_EPActivate  usb_core.o
    0x08002f1a   0x00000050   Code   RO         4741    i.USB_OTG_EPClearStall  usb_core.o
    0x08002f6a   0x0000005e   Code   RO         4742    i.USB_OTG_EPDeactivate  usb_core.o
    0x08002fc8   0x00000064   Code   RO         4743    i.USB_OTG_EPSetStall  usb_core.o
    0x0800302c   0x000001fe   Code   RO         4744    i.USB_OTG_EPStartXfer  usb_core.o
    0x0800322a   0x00000034   Code   RO         4745    i.USB_OTG_EnableCommonInt  usb_core.o
    0x0800325e   0x0000009a   Code   RO         4746    i.USB_OTG_EnableDevInt  usb_core.o
    0x080032f8   0x00000022   Code   RO         4747    i.USB_OTG_EnableGlobalInt  usb_core.o
    0x0800331a   0x00000002   PAD
    0x0800331c   0x0000004c   Code   RO         4748    i.USB_OTG_FlushRxFifo  usb_core.o
    0x08003368   0x00000054   Code   RO         4749    i.USB_OTG_FlushTxFifo  usb_core.o
    0x080033bc   0x00000038   Code   RO         4750    i.USB_OTG_GetDeviceSpeed  usb_core.o
    0x080033f4   0x0000000c   Code   RO         4752    i.USB_OTG_GetMode   usb_core.o
    0x08003400   0x00000018   Code   RO         4753    i.USB_OTG_InitDevSpeed  usb_core.o
    0x08003418   0x00000016   Code   RO         4754    i.USB_OTG_IsDeviceMode  usb_core.o
    0x0800342e   0x00000010   Code   RO         4756    i.USB_OTG_ReadCoreItr  usb_core.o
    0x0800343e   0x00000010   Code   RO         4757    i.USB_OTG_ReadDevAllInEPItr  usb_core.o
    0x0800344e   0x00000010   Code   RO         4758    i.USB_OTG_ReadDevAllOutEp_itr  usb_core.o
    0x0800345e   0x00000014   Code   RO         4759    i.USB_OTG_ReadDevOutEP_itr  usb_core.o
    0x08003472   0x00000028   Code   RO         4761    i.USB_OTG_ReadPacket  usb_core.o
    0x0800349a   0x00000002   PAD
    0x0800349c   0x000000d0   Code   RO         4762    i.USB_OTG_SelectCore  usb_core.o
    0x0800356c   0x0000004e   Code   RO         4763    i.USB_OTG_SetCurrentMode  usb_core.o
    0x080035ba   0x00000040   Code   RO         4767    i.USB_OTG_WritePacket  usb_core.o
    0x080035fa   0x00000004   Code   RO          335    i.UsageFault_Handler  stm32f4xx_it.o
    0x080035fe   0x00000002   PAD
    0x08003600   0x000000a0   Code   RO         5498    i.VCP_Ctrl          usbd_cdc_vcp.o
    0x080036a0   0x00000030   Code   RO         5499    i.VCP_DataRx        usbd_cdc_vcp.o
    0x080036d0   0x00000050   Code   RO         5500    i.VCP_DataTx        usbd_cdc_vcp.o
    0x08003720   0x00000004   Code   RO         5501    i.VCP_DeInit        usbd_cdc_vcp.o
    0x08003724   0x00000004   Code   RO         5502    i.VCP_Init          usbd_cdc_vcp.o
    0x08003728   0x00000026   Code   RO         6980    i.__ARM_fpclassifyf  m_wm.l(fpclassifyf.o)
    0x0800374e   0x00000002   PAD
    0x08003750   0x00000150   Code   RO         6831    i.__hardfp_cosf     m_wm.l(cosf.o)
    0x080038a0   0x00000664   Code   RO         6871    i.__hardfp_powf     m_wm.l(powf.o)
    0x08003f04   0x0000003a   Code   RO         6885    i.__hardfp_sqrtf    m_wm.l(sqrtf.o)
    0x08003f3e   0x00000002   PAD
    0x08003f40   0x0000017c   Code   RO         6897    i.__hardfp_tanf     m_wm.l(tanf.o)
    0x080040bc   0x00000014   Code   RO         6982    i.__mathlib_flt_divzero  m_wm.l(funder.o)
    0x080040d0   0x00000006   Code   RO         6983    i.__mathlib_flt_infnan  m_wm.l(funder.o)
    0x080040d6   0x00000006   Code   RO         6984    i.__mathlib_flt_infnan2  m_wm.l(funder.o)
    0x080040dc   0x00000010   Code   RO         6985    i.__mathlib_flt_invalid  m_wm.l(funder.o)
    0x080040ec   0x00000010   Code   RO         6986    i.__mathlib_flt_overflow  m_wm.l(funder.o)
    0x080040fc   0x00000010   Code   RO         6988    i.__mathlib_flt_underflow  m_wm.l(funder.o)
    0x0800410c   0x00000154   Code   RO         6999    i.__mathlib_rredf2  m_wm.l(rredf.o)
    0x08004260   0x00000054   Code   RO         4399    i.ano_ACKHandler    app_ano.o
    0x080042b4   0x00000076   Code   RO         4400    i.ano_CMDHandler    app_ano.o
    0x0800432a   0x00000002   PAD
    0x0800432c   0x0000002c   Code   RO         4402    i.ano_Init          app_ano.o
    0x08004358   0x000000c4   Code   RO         4403    i.ano_PacketAnalysis  app_ano.o
    0x0800441c   0x0000002c   Code   RO         4404    i.ano_PacketRxTask  app_ano.o
    0x08004448   0x00000020   Code   RO         4405    i.ano_ReceivePacketBlocking  app_ano.o
    0x08004468   0x00000002   Code   RO         4406    i.ano_Response      app_ano.o
    0x0800446a   0x00000018   Code   RO         2401    i.bsp_Config        bsp.o
    0x08004482   0x00000002   PAD
    0x08004484   0x00000110   Code   RO         2462    i.bsp_led_Init      bsp_led.o
    0x08004594   0x000000a8   Code   RO         2463    i.bsp_led_OFF       bsp_led.o
    0x0800463c   0x000000a8   Code   RO         2464    i.bsp_led_ON        bsp_led.o
    0x080046e4   0x00000114   Code   RO         2465    i.bsp_led_StartFlash  bsp_led.o
    0x080047f8   0x00000188   Code   RO         2467    i.bsp_led_Thread    bsp_led.o
    0x08004980   0x00000014   Code   RO         4248    i.bsp_mag_Init      bsp_magnet.o
    0x08004994   0x0000001c   Code   RO         4255    i.bsp_mag_SetMode   bsp_magnet.o
    0x080049b0   0x000000d4   Code   RO         2906    i.bsp_mpu_GetMotion9  bsp_mpu.o
    0x08004a84   0x00000060   Code   RO         2964    i.bsp_mpu_IICConfig  bsp_mpu.o
    0x08004ae4   0x00000008   Code   RO         2965    i.bsp_mpu_Init      bsp_mpu.o
    0x08004aec   0x00000020   Code   RO         2968    i.bsp_mpu_Reset     bsp_mpu.o
    0x08004b0c   0x00000028   Code   RO         2977    i.bsp_mpu_SetAccelDLPF  bsp_mpu.o
    0x08004b34   0x00000028   Code   RO         2984    i.bsp_mpu_SetClockSource  bsp_mpu.o
    0x08004b5c   0x00000028   Code   RO         2986    i.bsp_mpu_SetDLPFMode  bsp_mpu.o
    0x08004b84   0x00000028   Code   RO         2998    i.bsp_mpu_SetFullScaleAccelRange  bsp_mpu.o
    0x08004bac   0x00000028   Code   RO         2999    i.bsp_mpu_SetFullScaleGyroRange  bsp_mpu.o
    0x08004bd4   0x00000020   Code   RO         3003    i.bsp_mpu_SetI2CBypassEnabled  bsp_mpu.o
    0x08004bf4   0x00000020   Code   RO         3004    i.bsp_mpu_SetI2CMasterModeEnabled  bsp_mpu.o
    0x08004c14   0x00000020   Code   RO         3006    i.bsp_mpu_SetIntDataReadyEnabled  bsp_mpu.o
    0x08004c34   0x0000001c   Code   RO         3007    i.bsp_mpu_SetIntEnabled  bsp_mpu.o
    0x08004c50   0x00000020   Code   RO         3014    i.bsp_mpu_SetInterruptDrive  bsp_mpu.o
    0x08004c70   0x00000020   Code   RO         3015    i.bsp_mpu_SetInterruptLatch  bsp_mpu.o
    0x08004c90   0x00000020   Code   RO         3016    i.bsp_mpu_SetInterruptLatchClear  bsp_mpu.o
    0x08004cb0   0x00000020   Code   RO         3017    i.bsp_mpu_SetInterruptMode  bsp_mpu.o
    0x08004cd0   0x00000028   Code   RO         3018    i.bsp_mpu_SetMasterClockSpeed  bsp_mpu.o
    0x08004cf8   0x0000001c   Code   RO         3023    i.bsp_mpu_SetRate   bsp_mpu.o
    0x08004d14   0x00000028   Code   RO         3031    i.bsp_mpu_SetSlave4MasterDelay  bsp_mpu.o
    0x08004d3c   0x0000002c   Code   RO         3035    i.bsp_mpu_SetSlaveAddress  bsp_mpu.o
    0x08004d68   0x00000038   Code   RO         3036    i.bsp_mpu_SetSlaveDataLength  bsp_mpu.o
    0x08004da0   0x00000020   Code   RO         3037    i.bsp_mpu_SetSlaveDelayEnabled  bsp_mpu.o
    0x08004dc0   0x00000030   Code   RO         3038    i.bsp_mpu_SetSlaveEnabled  bsp_mpu.o
    0x08004df0   0x00000020   Code   RO         3040    i.bsp_mpu_SetSlaveReadWriteTransitionEnabled  bsp_mpu.o
    0x08004e10   0x0000002c   Code   RO         3041    i.bsp_mpu_SetSlaveRegister  bsp_mpu.o
    0x08004e3c   0x00000020   Code   RO         3045    i.bsp_mpu_SetSleepEnabled  bsp_mpu.o
    0x08004e5c   0x00000024   Code   RO         3053    i.bsp_mpu_SetTempSensorEnabled  bsp_mpu.o
    0x08004e80   0x00000014   Code   RO         2531    i.bsp_rcc_GPIOClcokCmd  bsp_rcc.o
    0x08004e94   0x00000084   Code   RO         2533    i.bsp_rcc_GetGPIORCC  bsp_rcc.o
    0x08004f18   0x00000054   Code   RO         2611    i.bsp_tim_DelayUs   bsp_timer.o
    0x08004f6c   0x00000080   Code   RO         2613    i.bsp_tim_Init      bsp_timer.o
    0x08004fec   0x00000060   Code   RO         2693    i.bsp_uart_DMAConfig  bsp_uart.o
    0x0800504c   0x00000048   Code   RO         2694    i.bsp_uart_DMAIsr   bsp_uart.o
    0x08005094   0x00000054   Code   RO         2697    i.bsp_uart_GPIOConfig  bsp_uart.o
    0x080050e8   0x00000028   Code   RO         2698    i.bsp_uart_GetDataWithTimeout  bsp_uart.o
    0x08005110   0x0000002c   Code   RO         2699    i.bsp_uart_Init     bsp_uart.o
    0x0800513c   0x000000a0   Code   RO         2700    i.bsp_uart_Isr      bsp_uart.o
    0x080051dc   0x00000048   Code   RO         2701    i.bsp_uart_MsgConfig  bsp_uart.o
    0x08005224   0x00000040   Code   RO         2702    i.bsp_uart_NVICConfig  bsp_uart.o
    0x08005264   0x000000a8   Code   RO         2705    i.bsp_uart_SendDataDmaBlocking  bsp_uart.o
    0x0800530c   0x00000060   Code   RO         2707    i.bsp_uart_UARTConfig  bsp_uart.o
    0x0800536c   0x0000006e   Code   RO         2087    i.filter_LPF2P_Filter  filter.o
    0x080053da   0x00000034   Code   RO         2088    i.filter_LPF2P_Init  filter.o
    0x0800540e   0x00000002   PAD
    0x08005410   0x000000d4   Code   RO         2090    i.filter_LPF2P_SetCutoffFreq  filter.o
    0x080054e4   0x000000a0   Code   RO         2271    i.i2c_ReadBuff      i2cdrv.o
    0x08005584   0x0000001e   Code   RO         2272    i.i2c_ReadByte      i2cdrv.o
    0x080055a2   0x00000050   Code   RO         2273    i.i2c_WriteBit      i2cdrv.o
    0x080055f2   0x0000008e   Code   RO         2274    i.i2c_WriteBits     i2cdrv.o
    0x08005680   0x00000080   Code   RO         2275    i.i2c_WriteBuff     i2cdrv.o
    0x08005700   0x00000020   Code   RO         2276    i.i2c_WriteByte     i2cdrv.o
    0x08005720   0x00000038   Code   RO         2277    i.i2cdrv_Ack        i2cdrv.o
    0x08005758   0x00000038   Code   RO         2278    i.i2cdrv_NoAck      i2cdrv.o
    0x08005790   0x00000064   Code   RO         2279    i.i2cdrv_ReadByte   i2cdrv.o
    0x080057f4   0x00000016   Code   RO         2280    i.i2cdrv_ReadSDA    i2cdrv.o
    0x0800580a   0x00000066   Code   RO         2281    i.i2cdrv_SendByte   i2cdrv.o
    0x08005870   0x0000000a   Code   RO         2282    i.i2cdrv_SetSCLHigh  i2cdrv.o
    0x0800587a   0x0000000a   Code   RO         2283    i.i2cdrv_SetSCLLow  i2cdrv.o
    0x08005884   0x0000000a   Code   RO         2284    i.i2cdrv_SetSDAHigh  i2cdrv.o
    0x0800588e   0x00000026   Code   RO         2285    i.i2cdrv_SetSDAIn   i2cdrv.o
    0x080058b4   0x0000000a   Code   RO         2286    i.i2cdrv_SetSDALow  i2cdrv.o
    0x080058be   0x0000002c   Code   RO         2287    i.i2cdrv_SetSDAOut  i2cdrv.o
    0x080058ea   0x00000038   Code   RO         2288    i.i2cdrv_Start      i2cdrv.o
    0x08005922   0x00000038   Code   RO         2289    i.i2cdrv_Stop       i2cdrv.o
    0x0800595a   0x00000058   Code   RO         2290    i.i2cdrv_WaitAck    i2cdrv.o
    0x080059b2   0x00000002   PAD
    0x080059b4   0x00000044   Code   RO            3    i.main              main.o
    0x080059f8   0x00000098   Code   RO         6015    i.prvAddCurrentTaskToDelayedList  tasks.o
    0x08005a90   0x000000b8   Code   RO         6016    i.prvAddNewTaskToReadyList  tasks.o
    0x08005b48   0x00000064   Code   RO         6403    i.prvCheckForValidListAndQueue  timers.o
    0x08005bac   0x00000064   Code   RO         6017    i.prvCheckTasksWaitingTermination  tasks.o
    0x08005c10   0x0000002a   Code   RO         5770    i.prvCopyDataFromQueue  queue.o
    0x08005c3a   0x0000007c   Code   RO         5771    i.prvCopyDataToQueue  queue.o
    0x08005cb6   0x00000012   Code   RO         6018    i.prvDeleteTCB      tasks.o
    0x08005cc8   0x00000028   Code   RO         6404    i.prvGetNextExpireTime  timers.o
    0x08005cf0   0x0000007c   Code   RO         6533    i.prvHeapInit       heap_4.o
    0x08005d6c   0x00000008   Code   RO         6019    i.prvIdleTask       tasks.o
    0x08005d74   0x0000002e   Code   RO         5773    i.prvInitialiseNewQueue  queue.o
    0x08005da2   0x00000092   Code   RO         6020    i.prvInitialiseNewTask  tasks.o
    0x08005e34   0x00000068   Code   RO         6021    i.prvInitialiseTaskLists  tasks.o
    0x08005e9c   0x00000068   Code   RO         6534    i.prvInsertBlockIntoFreeList  heap_4.o
    0x08005f04   0x00000058   Code   RO         6406    i.prvInsertTimerInActiveList  timers.o
    0x08005f5c   0x0000001a   Code   RO         5774    i.prvIsQueueEmpty   queue.o
    0x08005f76   0x0000001e   Code   RO         5775    i.prvIsQueueFull    queue.o
    0x08005f94   0x00000052   Code   RO         5776    i.prvNotifyQueueSetContainer  queue.o
    0x08005fe6   0x00000002   PAD
    0x08005fe8   0x0000004c   Code   RO         6407    i.prvProcessExpiredTimer  timers.o
    0x08006034   0x000000d0   Code   RO         6408    i.prvProcessReceivedCommands  timers.o
    0x08006104   0x00000074   Code   RO         6409    i.prvProcessTimerOrBlockTask  timers.o
    0x08006178   0x00000034   Code   RO         6023    i.prvResetNextTaskUnblockTime  tasks.o
    0x080061ac   0x0000002c   Code   RO         6410    i.prvSampleTimeNow  timers.o
    0x080061d8   0x00000084   Code   RO         6411    i.prvSwitchTimerLists  timers.o
    0x0800625c   0x00000016   Code   RO         6583    i.prvTaskExitError  port.o
    0x08006272   0x0000001a   Code   RO         6412    i.prvTimerTask      timers.o
    0x0800628c   0x00000092   Code   RO         5777    i.prvUnlockQueue    queue.o
    0x0800631e   0x00000002   PAD
    0x08006320   0x000000dc   Code   RO         6535    i.pvPortMalloc      heap_4.o
    0x080063fc   0x00000020   Code   RO         6027    i.pvTaskIncrementMutexHeldCount  tasks.o
    0x0800641c   0x0000002c   Code   RO         6584    i.pxPortInitialiseStack  port.o
    0x08006448   0x0000001c   Code   RO         4578    i.sensors_AcquireData  app_sensor.o
    0x08006464   0x0000003a   Code   RO         4579    i.sensors_AddBiasValue  app_sensor.o
    0x0800649e   0x00000034   Code   RO         4580    i.sensors_Axis3fLpf  app_sensor.o
    0x080064d2   0x0000000c   Code   RO         4581    i.sensors_BiasObjInit  app_sensor.o
    0x080064de   0x00000002   PAD
    0x080064e0   0x000001c8   Code   RO         4582    i.sensors_CalcVarianceAndMean  app_sensor.o
    0x080066a8   0x000000e8   Code   RO         4583    i.sensors_DeviceInit  app_sensor.o
    0x08006790   0x00000080   Code   RO         4584    i.sensors_FindBiasValue  app_sensor.o
    0x08006810   0x00000020   Code   RO         4585    i.sensors_GetAccData  app_sensor.o
    0x08006830   0x00000020   Code   RO         4586    i.sensors_GetGyroData  app_sensor.o
    0x08006850   0x00000020   Code   RO         4587    i.sensors_GetMagData  app_sensor.o
    0x08006870   0x0000003c   Code   RO         4588    i.sensors_Init      app_sensor.o
    0x080068ac   0x00000090   Code   RO         4589    i.sensors_InterruptInit  app_sensor.o
    0x0800693c   0x00000030   Code   RO         4590    i.sensors_Isr       app_sensor.o
    0x0800696c   0x00000130   Code   RO         4591    i.sensors_ProcessAccAndGyroData  app_sensor.o
    0x08006a9c   0x000000e0   Code   RO         4592    i.sensors_ProcessAccScale  app_sensor.o
    0x08006b7c   0x00000040   Code   RO         4593    i.sensors_ProcessGyroBias  app_sensor.o
    0x08006bbc   0x0000005c   Code   RO         4594    i.sensors_ProcessMagnetomterData  app_sensor.o
    0x08006c18   0x00000068   Code   RO         4595    i.sensors_SetupSalveRead  app_sensor.o
    0x08006c80   0x000000d8   Code   RO         4596    i.sensors_Task      app_sensor.o
    0x08006d58   0x0000001a   Code   RO         4549    i.task_LEDTask      app_led.o
    0x08006d72   0x00000002   PAD
    0x08006d74   0x00000150   Code   RO            4    i.task_StartTask    main.o
    0x08006ec4   0x000001d8   Code   RO            5    i.test              main.o
    0x0800709c   0x00000030   Code   RO         4501    i.uartlink_Init     app_uartlink.o
    0x080070cc   0x000000e8   Code   RO         4502    i.uartlink_RxTask   app_uartlink.o
    0x080071b4   0x00000010   Code   RO         4503    i.uartlink_SendData  app_uartlink.o
    0x080071c4   0x00000078   Code   RO         4505    i.uartlink_TxTask   app_uartlink.o
    0x0800723c   0x00000028   Code   RO         5503    i.usbGetDataWithTimout  usbd_cdc_vcp.o
    0x08007264   0x0000000c   Code   RO         5504    i.usb_printf        usbd_cdc_vcp.o
    0x08007270   0x000000b0   Code   RO         5388    i.usbd_cdc_DataIn   usbd_cdc_core.o
    0x08007320   0x00000038   Code   RO         5389    i.usbd_cdc_DataOut  usbd_cdc_core.o
    0x08007358   0x0000002c   Code   RO         5390    i.usbd_cdc_DeInit   usbd_cdc_core.o
    0x08007384   0x00000038   Code   RO         5391    i.usbd_cdc_EP0_RxReady  usbd_cdc_core.o
    0x080073bc   0x00000058   Code   RO         5392    i.usbd_cdc_Init     usbd_cdc_core.o
    0x08007414   0x00000028   Code   RO         5393    i.usbd_cdc_SOF      usbd_cdc_core.o
    0x0800743c   0x000000c4   Code   RO         5394    i.usbd_cdc_Setup    usbd_cdc_core.o
    0x08007500   0x00000038   Code   RO         5505    i.usbd_cdc_vcp_Init  usbd_cdc_vcp.o
    0x08007538   0x00000030   Code   RO         4460    i.usblink_Init      app_usblink.o
    0x08007568   0x000000ec   Code   RO         4461    i.usblink_RxTask    app_usblink.o
    0x08007654   0x00000020   Code   RO         4462    i.usblink_SendPacket  app_usblink.o
    0x08007674   0x00000078   Code   RO         4463    i.usblink_TxTask    app_usblink.o
    0x080076ec   0x00000018   Code   RO         5506    i.usbsendData       usbd_cdc_vcp.o
    0x08007704   0x00000028   Code   RO         5721    i.uxListRemove      list.o
    0x0800772c   0x00000016   Code   RO         2404    i.vApplicationMallocFailedHook  bsp.o
    0x08007742   0x0000001a   Code   RO         5722    i.vListInitialise   list.o
    0x0800775c   0x00000006   Code   RO         5723    i.vListInitialiseItem  list.o
    0x08007762   0x00000034   Code   RO         5724    i.vListInsert       list.o
    0x08007796   0x00000018   Code   RO         5725    i.vListInsertEnd    list.o
    0x080077ae   0x00000002   PAD
    0x080077b0   0x00000024   Code   RO         6586    i.vPortEnterCritical  port.o
    0x080077d4   0x00000020   Code   RO         6587    i.vPortExitCritical  port.o
    0x080077f4   0x00000048   Code   RO         6536    i.vPortFree         heap_4.o
    0x0800783c   0x00000014   Code   RO         6588    i.vPortSetupTimerInterrupt  port.o
    0x08007850   0x0000002c   Code   RO         5783    i.vQueueAddToRegistry  queue.o
    0x0800787c   0x0000004a   Code   RO         5787    i.vQueueWaitForMessageRestricted  queue.o
    0x080078c6   0x00000002   PAD
    0x080078c8   0x00000034   Code   RO         6036    i.vTaskDelay        tasks.o
    0x080078fc   0x00000074   Code   RO         6037    i.vTaskDelayUntil   tasks.o
    0x08007970   0x000000cc   Code   RO         6038    i.vTaskDelete       tasks.o
    0x08007a3c   0x0000000c   Code   RO         6042    i.vTaskMissedYield  tasks.o
    0x08007a48   0x00000020   Code   RO         6044    i.vTaskPlaceOnEventList  tasks.o
    0x08007a68   0x00000028   Code   RO         6045    i.vTaskPlaceOnEventListRestricted  tasks.o
    0x08007a90   0x000000b0   Code   RO         6047    i.vTaskPriorityInherit  tasks.o
    0x08007b40   0x00000018   Code   RO         6052    i.vTaskSetTimeOutState  tasks.o
    0x08007b58   0x00000070   Code   RO         6053    i.vTaskStartScheduler  tasks.o
    0x08007bc8   0x00000010   Code   RO         6055    i.vTaskSuspendAll   tasks.o
    0x08007bd8   0x00000060   Code   RO         6056    i.vTaskSwitchContext  tasks.o
    0x08007c38   0x00000048   Code   RO         6589    i.xPortStartScheduler  port.o
    0x08007c80   0x00000034   Code   RO         6590    i.xPortSysTickHandler  port.o
    0x08007cb4   0x00000038   Code   RO         5792    i.xQueueGenericCreate  queue.o
    0x08007cec   0x0000015c   Code   RO         5793    i.xQueueGenericReceive  queue.o
    0x08007e48   0x00000080   Code   RO         5794    i.xQueueGenericReset  queue.o
    0x08007ec8   0x00000138   Code   RO         5795    i.xQueueGenericSend  queue.o
    0x08008000   0x0000009c   Code   RO         5796    i.xQueueGenericSendFromISR  queue.o
    0x0800809c   0x0000008e   Code   RO         5797    i.xQueueGiveFromISR  queue.o
    0x0800812a   0x00000002   PAD
    0x0800812c   0x0000005c   Code   RO         6058    i.xTaskCheckForTimeOut  tasks.o
    0x08008188   0x00000060   Code   RO         6059    i.xTaskCreate       tasks.o
    0x080081e8   0x00000020   Code   RO         6064    i.xTaskGetSchedulerState  tasks.o
    0x08008208   0x0000000c   Code   RO         6065    i.xTaskGetTickCount  tasks.o
    0x08008214   0x0000011c   Code   RO         6067    i.xTaskIncrementTick  tasks.o
    0x08008330   0x00000084   Code   RO         6070    i.xTaskPriorityDisinherit  tasks.o
    0x080083b4   0x00000080   Code   RO         6071    i.xTaskRemoveFromEventList  tasks.o
    0x08008434   0x000000e8   Code   RO         6073    i.xTaskResumeAll    tasks.o
    0x0800851c   0x0000003c   Code   RO         6416    i.xTimerCreateTimerTask  timers.o
    0x08008558   0x0000006c   Code   RO         6417    i.xTimerGenericCommand  timers.o
    0x080085c4   0x00000060   Code   RO         6827    x$fpl$ffltll        fz_wm.l(ffltll_clz.o)
    0x08008624   0x0000000a   Code   RO         7315    x$fpl$fpinit        fz_wm.l(fpinit.o)
    0x0800862e   0x00000000   Code   RO         6957    x$fpl$usenofp       fz_wm.l(usenofp.o)
    0x0800862e   0x00000002   PAD
    0x08008630   0x00000140   Data   RO         6874    .constdata          m_wm.l(powf.o)
    0x08008770   0x00000020   Data   RO         7000    .constdata          m_wm.l(rredf.o)
    0x08008790   0x00000020   Data   RO         7398    Region$$Table       anon$$obj.o


    Execution Region RW_IRAM1 (Base: 0x20000000, Size: 0x0000a9a8, Max: 0x00010000, ABSOLUTE, COMPRESSED[0x000000fc])

    Base Addr    Size         Type   Attr      Idx    E Section Name        Object

    0x20000000   0x00000004   Data   RW            6    .data               main.o
    0x20000004   0x00000014   Data   RW          406    .data               system_stm32f4xx.o
    0x20000018   0x00000010   Data   RW          642    .data               stm32f4xx_rcc.o
    0x20000028   0x00000001   Data   RW         2470    .data               bsp_led.o
    0x20000029   0x00000003   PAD
    0x2000002c   0x00000020   Data   RW         2709    .data               bsp_uart.o
    0x2000004c   0x00000008   Data   RW         4407    .data               app_ano.o
    0x20000054   0x00000009   Data   RW         4465    .data               app_usblink.o
    0x2000005d   0x00000003   PAD
    0x20000060   0x00000009   Data   RW         4507    .data               app_uartlink.o
    0x20000069   0x00000003   PAD
    0x2000006c   0x0000003c   Data   RW         4598    .data               app_sensor.o
    0x200000a8   0x00000034   Data   RW         5153    .data               usbd_core.o
    0x200000dc   0x0000000d   Data   RW         5306    .data               usbd_req.o
    0x200000e9   0x00000003   PAD
    0x200000ec   0x00000098   Data   RW         5396    .data               usbd_cdc_core.o
    0x20000184   0x00000024   Data   RW         5508    .data               usbd_cdc_vcp.o
    0x200001a8   0x00000056   Data   RW         5579    .data               usbd_desc.o
    0x200001fe   0x00000002   PAD
    0x20000200   0x00000020   Data   RW         5652    .data               usbd_usr.o
    0x20000220   0x0000003c   Data   RW         6076    .data               tasks.o
    0x2000025c   0x00000014   Data   RW         6425    .data               timers.o
    0x20000270   0x00000018   Data   RW         6541    .data               heap_4.o
    0x20000288   0x00000004   Data   RW         6591    .data               port.o
    0x2000028c   0x00000078   Zero   RW         2469    .bss                bsp_led.o
    0x20000304   0x000000a0   Zero   RW         2617    .bss                bsp_timer.o
    0x200003a4   0x0000007c   Zero   RW         2708    .bss                bsp_uart.o
    0x20000420   0x00000040   Zero   RW         3068    .bss                bsp_mpu.o
    0x20000460   0x00000010   Zero   RW         4257    .bss                bsp_magnet.o
    0x20000470   0x00000026   Zero   RW         4464    .bss                app_usblink.o
    0x20000496   0x00000026   Zero   RW         4506    .bss                app_uartlink.o
    0x200004bc   0x000018ec   Zero   RW         4597    .bss                app_sensor.o
    0x20001da8   0x00000283   Zero   RW         5395    .bss                usbd_cdc_core.o
    0x2000202b   0x00000001   PAD
    0x2000202c   0x000006bc   Zero   RW         5507    .bss                usbd_cdc_vcp.o
    0x200026e8   0x000000ff   Zero   RW         5578    .bss                usbd_desc.o
    0x200027e7   0x00000001   PAD
    0x200027e8   0x00000050   Zero   RW         5807    .bss                queue.o
    0x20002838   0x000002e4   Zero   RW         6075    .bss                tasks.o
    0x20002b1c   0x00000028   Zero   RW         6424    .bss                timers.o
    0x20002b44   0x00007800   Zero   RW         6540    .bss                heap_4.o
    0x2000a344   0x00000060   Zero   RW         7103    .bss                c_w.l(libspace.o)
    0x2000a3a4   0x00000004   PAD
    0x2000a3a8   0x00000200   Zero   RW          439    HEAP                startup_stm32f40_41xxx.o
    0x2000a5a8   0x00000400   Zero   RW          438    STACK               startup_stm32f40_41xxx.o


==============================================================================

Image component sizes


      Code (inc. data)   RO Data    RW Data    ZI Data      Debug   Object Name

       520         40          0          8          0       4559   app_ano.o
        26          0          0          0          0        883   app_led.o
      2342        186          0         60       6380      16090   app_sensor.o
       416         28          0          9         38       3268   app_uartlink.o
       436         32          0          9         38       3258   app_usblink.o
        46          0          0          0          0       3540   bsp.o
      1276         52          0          1        120       4216   bsp_led.o
        48         12          0          0         16       1719   bsp_magnet.o
      1232        124          0          0         64      18693   bsp_mpu.o
       152         38          0          0          0       1744   bsp_rcc.o
       228         22          0          0        160       2534   bsp_timer.o
       912        132          0         32        124       7740   bsp_uart.o
       374         14          0          0          0       7378   filter.o
       520         64          0         24      30720       4023   heap_4.o
      1230          0          0          0          0      12641   i2cdrv.o
       148          0          0          0          0       4762   list.o
       876        158          0          4          0     291743   main.o
       140         24          0          0          0       1571   misc.o
       460         58          0          4          0       9792   port.o
      1756         22          0          0         80      22501   queue.o
        64         26        392          0       1536        844   startup_stm32f40_41xxx.o
       240         20          0          0          0       4331   stm32f4xx_dma.o
       184         16          0          0          0       2136   stm32f4xx_exti.o
       214          0          0          0          0       1799   stm32f4xx_gpio.o
        20          0          0          0          0       2793   stm32f4xx_it.o
       324         32          0         16          0       4683   stm32f4xx_rcc.o
        64          4          0          0          0        664   stm32f4xx_syscfg.o
       478          8          0          0          0       6782   stm32f4xx_usart.o
       336         32          0         20          0       1797   system_stm32f4xx.o
      2684        400          0         60        740      30605   tasks.o
       998        114          0         20         40       8975   timers.o
       174          6          0          0          0       2839   usb_bsp.o
      3430         18          0          0          0      21732   usb_core.o
       666          0          0          0          0       6128   usb_dcd.o
      2240         98          0          0          0       9967   usb_dcd_int.o
       892        110          0        152        643       9282   usbd_cdc_core.o
       428         52          0         36       1724       6550   usbd_cdc_vcp.o
       784          6          0         52          0      10704   usbd_core.o
       422        158          0         86        255       7387   usbd_desc.o
       224          0          0          0          0       4624   usbd_ioreq.o
      1756         56          0         13          0      10854   usbd_req.o
        86         22          0         32          0       4410   usbd_usr.o

    ----------------------------------------------------------------------
     29892       2184        424        652      42680     582541   Object Totals
         0          0         32          0          0          0   (incl. Generated)
        46          0          0         14          2          0   (incl. Padding)

    ----------------------------------------------------------------------

      Code (inc. data)   RO Data    RW Data    ZI Data      Debug   Library Member Name

        90          0          0          0          0          0   __dczerorl2.o
         8          0          0          0          0         68   __main.o
         0          0          0          0          0          0   __rtentry.o
        12          0          0          0          0          0   __rtentry2.o
         6          0          0          0          0          0   __rtentry4.o
        52          8          0          0          0          0   __scatter.o
        28          0          0          0          0          0   __scatter_zi.o
        22          0          0          0          0        100   _rserrno.o
        16          0          0          0          0         68   aeabi_memset.o
        18          0          0          0          0         80   exit.o
         6          0          0          0          0        152   heapauxi.o
         0          0          0          0          0          0   indicate_semi.o
         2          0          0          0          0          0   libinit.o
         6          0          0          0          0          0   libinit2.o
         2          0          0          0          0          0   libshutdown.o
         2          0          0          0          0          0   libshutdown2.o
         8          4          0          0         96         68   libspace.o
        72          0          0          0          0         76   llsdiv.o
       238          0          0          0          0        100   lludivv7m.o
         8          4          0          0          0         68   rt_errno_addr_intlibspace.o
        68          0          0          0          0         68   rt_memclr.o
        78          0          0          0          0         80   rt_memclr_w.o
       138          0          0          0          0         68   rt_memcpy_v6.o
       100          0          0          0          0         80   rt_memcpy_w.o
         2          0          0          0          0          0   rtexit.o
        10          0          0          0          0          0   rtexit2.o
        12          4          0          0          0         68   sys_exit.o
        74          0          0          0          0         80   sys_stackheap_outer.o
         2          0          0          0          0         68   use_no_semi.o
        96          0          0          0          0        132   ffltll_clz.o
        10          0          0          0          0        116   fpinit.o
         0          0          0          0          0          0   usenofp.o
       336         56          0          0          0        136   cosf.o
        38          0          0          0          0        116   fpclassifyf.o
        80         24          0          0          0        696   funder.o
      1636        110        320          0          0        372   powf.o
       340         24         32          0          0        160   rredf.o
        58          0          0          0          0        136   sqrtf.o
       380         58          0          0          0        200   tanf.o

    ----------------------------------------------------------------------
      4068        292        352          0        100       3356   Library Totals
        14          0          0          0          4          0   (incl. Padding)

    ----------------------------------------------------------------------

      Code (inc. data)   RO Data    RW Data    ZI Data      Debug   Library Name

      1080         20          0          0         96       1292   c_w.l
       106          0          0          0          0        248   fz_wm.l
      2868        272        352          0          0       1816   m_wm.l

    ----------------------------------------------------------------------
      4068        292        352          0        100       3356   Library Totals

    ----------------------------------------------------------------------

==============================================================================


      Code (inc. data)   RO Data    RW Data    ZI Data      Debug   

     33960       2476        776        652      42780     550373   Grand Totals
     33960       2476        776        252      42780     550373   ELF Image Totals (compressed)
     33960       2476        776        252          0          0   ROM Totals

==============================================================================

    Total RO  Size (Code + RO Data)                34736 (  33.92kB)
    Total RW  Size (RW Data + ZI Data)             43432 (  42.41kB)
    Total ROM Size (Code + RO Data + RW Data)      34988 (  34.17kB)

==============================================================================

